Archive member included to satisfy reference by file (symbol)

c:/intelfpga_lite/23.1std/nios2eds/bin/gnu/h-x86_64-mingw32/bin/../lib/gcc/nios2-elf/12.3.1/../../../../../H-x86_64-mingw32/nios2-elf/lib/mno-hw-mul\libm.a(libm_a-s_cos.o)
                              obj/default/hello_world.o (cos)
c:/intelfpga_lite/23.1std/nios2eds/bin/gnu/h-x86_64-mingw32/bin/../lib/gcc/nios2-elf/12.3.1/../../../../../H-x86_64-mingw32/nios2-elf/lib/mno-hw-mul\libm.a(libm_a-k_cos.o)
                              c:/intelfpga_lite/23.1std/nios2eds/bin/gnu/h-x86_64-mingw32/bin/../lib/gcc/nios2-elf/12.3.1/../../../../../H-x86_64-mingw32/nios2-elf/lib/mno-hw-mul\libm.a(libm_a-s_cos.o) (__kernel_cos)
c:/intelfpga_lite/23.1std/nios2eds/bin/gnu/h-x86_64-mingw32/bin/../lib/gcc/nios2-elf/12.3.1/../../../../../H-x86_64-mingw32/nios2-elf/lib/mno-hw-mul\libm.a(libm_a-k_sin.o)
                              c:/intelfpga_lite/23.1std/nios2eds/bin/gnu/h-x86_64-mingw32/bin/../lib/gcc/nios2-elf/12.3.1/../../../../../H-x86_64-mingw32/nios2-elf/lib/mno-hw-mul\libm.a(libm_a-s_cos.o) (__kernel_sin)
c:/intelfpga_lite/23.1std/nios2eds/bin/gnu/h-x86_64-mingw32/bin/../lib/gcc/nios2-elf/12.3.1/../../../../../H-x86_64-mingw32/nios2-elf/lib/mno-hw-mul\libm.a(libm_a-e_rem_pio2.o)
                              c:/intelfpga_lite/23.1std/nios2eds/bin/gnu/h-x86_64-mingw32/bin/../lib/gcc/nios2-elf/12.3.1/../../../../../H-x86_64-mingw32/nios2-elf/lib/mno-hw-mul\libm.a(libm_a-s_cos.o) (__ieee754_rem_pio2)
c:/intelfpga_lite/23.1std/nios2eds/bin/gnu/h-x86_64-mingw32/bin/../lib/gcc/nios2-elf/12.3.1/../../../../../H-x86_64-mingw32/nios2-elf/lib/mno-hw-mul\libm.a(libm_a-s_fabs.o)
                              c:/intelfpga_lite/23.1std/nios2eds/bin/gnu/h-x86_64-mingw32/bin/../lib/gcc/nios2-elf/12.3.1/../../../../../H-x86_64-mingw32/nios2-elf/lib/mno-hw-mul\libm.a(libm_a-e_rem_pio2.o) (fabs)
c:/intelfpga_lite/23.1std/nios2eds/bin/gnu/h-x86_64-mingw32/bin/../lib/gcc/nios2-elf/12.3.1/../../../../../H-x86_64-mingw32/nios2-elf/lib/mno-hw-mul\libm.a(libm_a-k_rem_pio2.o)
                              c:/intelfpga_lite/23.1std/nios2eds/bin/gnu/h-x86_64-mingw32/bin/../lib/gcc/nios2-elf/12.3.1/../../../../../H-x86_64-mingw32/nios2-elf/lib/mno-hw-mul\libm.a(libm_a-e_rem_pio2.o) (__kernel_rem_pio2)
c:/intelfpga_lite/23.1std/nios2eds/bin/gnu/h-x86_64-mingw32/bin/../lib/gcc/nios2-elf/12.3.1/../../../../../H-x86_64-mingw32/nios2-elf/lib/mno-hw-mul\libm.a(libm_a-s_floor.o)
                              c:/intelfpga_lite/23.1std/nios2eds/bin/gnu/h-x86_64-mingw32/bin/../lib/gcc/nios2-elf/12.3.1/../../../../../H-x86_64-mingw32/nios2-elf/lib/mno-hw-mul\libm.a(libm_a-k_rem_pio2.o) (floor)
c:/intelfpga_lite/23.1std/nios2eds/bin/gnu/h-x86_64-mingw32/bin/../lib/gcc/nios2-elf/12.3.1/../../../../../H-x86_64-mingw32/nios2-elf/lib/mno-hw-mul\libm.a(libm_a-s_scalbn.o)
                              c:/intelfpga_lite/23.1std/nios2eds/bin/gnu/h-x86_64-mingw32/bin/../lib/gcc/nios2-elf/12.3.1/../../../../../H-x86_64-mingw32/nios2-elf/lib/mno-hw-mul\libm.a(libm_a-k_rem_pio2.o) (scalbn)
c:/intelfpga_lite/23.1std/nios2eds/bin/gnu/h-x86_64-mingw32/bin/../lib/gcc/nios2-elf/12.3.1/mno-hw-mul\libgcc.a(lib2-divmod.o)
                              c:/intelfpga_lite/23.1std/nios2eds/bin/gnu/h-x86_64-mingw32/bin/../lib/gcc/nios2-elf/12.3.1/../../../../../H-x86_64-mingw32/nios2-elf/lib/mno-hw-mul\libm.a(libm_a-k_rem_pio2.o) (__divsi3)
c:/intelfpga_lite/23.1std/nios2eds/bin/gnu/h-x86_64-mingw32/bin/../lib/gcc/nios2-elf/12.3.1/mno-hw-mul\libgcc.a(addsf3.o)
                              obj/default/hello_world.o (__addsf3)
c:/intelfpga_lite/23.1std/nios2eds/bin/gnu/h-x86_64-mingw32/bin/../lib/gcc/nios2-elf/12.3.1/mno-hw-mul\libgcc.a(divsf3.o)
                              obj/default/hello_world.o (__divsf3)
c:/intelfpga_lite/23.1std/nios2eds/bin/gnu/h-x86_64-mingw32/bin/../lib/gcc/nios2-elf/12.3.1/mno-hw-mul\libgcc.a(gesf2.o)
                              obj/default/hello_world.o (__gesf2)
c:/intelfpga_lite/23.1std/nios2eds/bin/gnu/h-x86_64-mingw32/bin/../lib/gcc/nios2-elf/12.3.1/mno-hw-mul\libgcc.a(mulsf3.o)
                              obj/default/hello_world.o (__mulsf3)
c:/intelfpga_lite/23.1std/nios2eds/bin/gnu/h-x86_64-mingw32/bin/../lib/gcc/nios2-elf/12.3.1/mno-hw-mul\libgcc.a(floatsisf.o)
                              obj/default/hello_world.o (__floatsisf)
c:/intelfpga_lite/23.1std/nios2eds/bin/gnu/h-x86_64-mingw32/bin/../lib/gcc/nios2-elf/12.3.1/mno-hw-mul\libgcc.a(adddf3.o)
                              obj/default/hello_world.o (__adddf3)
c:/intelfpga_lite/23.1std/nios2eds/bin/gnu/h-x86_64-mingw32/bin/../lib/gcc/nios2-elf/12.3.1/mno-hw-mul\libgcc.a(divdf3.o)
                              obj/default/hello_world.o (__divdf3)
c:/intelfpga_lite/23.1std/nios2eds/bin/gnu/h-x86_64-mingw32/bin/../lib/gcc/nios2-elf/12.3.1/mno-hw-mul\libgcc.a(eqdf2.o)
                              obj/default/hello_world.o (__eqdf2)
[...]
Memory Configuration

Name             Origin             Length             Attributes
reset            0x00080000         0x00000020
onchip_mem       0x00080020         0x0005efe0
*default*        0x00000000         0xffffffff

Linker script and memory map

LOAD c:/Users/arlow/Downloads/DSD_CW/DE1-SoC/system_template_de1_soc/software/hello_world_custom_instr_bsp//obj/HAL/src/crt0.o
LOAD obj/default/hello_world.o
LOAD c:/intelfpga_lite/23.1std/nios2eds/bin/gnu/h-x86_64-mingw32/bin/../lib/gcc/nios2-elf/12.3.1/../../../../../H-x86_64-mingw32/nios2-elf/lib/mno-hw-mul\libstdc++.a
LOAD c:/intelfpga_lite/23.1std/nios2eds/bin/gnu/h-x86_64-mingw32/bin/../lib/gcc/nios2-elf/12.3.1/../../../../../H-x86_64-mingw32/nios2-elf/lib/mno-hw-mul\libm.a
LOAD c:/intelfpga_lite/23.1std/nios2eds/bin/gnu/h-x86_64-mingw32/bin/../lib/gcc/nios2-elf/12.3.1/mno-hw-mul\libgcc.a
START GROUP
LOAD c:/intelfpga_lite/23.1std/nios2eds/bin/gnu/h-x86_64-mingw32/bin/../lib/gcc/nios2-elf/12.3.1/../../../../../H-x86_64-mingw32/nios2-elf/lib/mno-hw-mul\libc.a
LOAD c:/intelfpga_lite/23.1std/nios2eds/bin/gnu/h-x86_64-mingw32/bin/../lib/gcc/nios2-elf/12.3.1/mno-hw-mul\libgcc.a
LOAD c:/Users/arlow/Downloads/DSD_CW/DE1-SoC/system_template_de1_soc/software/hello_world_custom_instr_bsp/\libhal_bsp.a
LOAD c:/intelfpga_lite/23.1std/nios2eds/bin/gnu/h-x86_64-mingw32/bin/../lib/gcc/nios2-elf/12.3.1/../../../../../H-x86_64-mingw32/nios2-elf/lib/mno-hw-mul\libm.a
END GROUP
LOAD c:/intelfpga_lite/23.1std/nios2eds/bin/gnu/h-x86_64-mingw32/bin/../lib/gcc/nios2-elf/12.3.1/mno-hw-mul\libgcc.a
                0x00080000                        __alt_mem_onchip_mem = 0x80000

.entry          0x00080000       0x20
 *(.entry)
 .entry         0x00080000       0x20 c:/Users/arlow/Downloads/DSD_CW/DE1-SoC/system_template_de1_soc/software/hello_world_custom_instr_bsp//obj/HAL/src/crt0.o
                0x00080000                __reset

.exceptions     0x00080020      0x170
                0x00080020                        PROVIDE (__ram_exceptions_start = ABSOLUTE (.))
                0x00080020                        . = ALIGN (0x20)
 *(.irq)
 *(.exceptions.entry.label)
 .exceptions.entry.label
                0x00080020        0x0 c:/Users/arlow/Downloads/DSD_CW/DE1-SoC/system_template_de1_soc/software/hello_world_custom_instr_bsp/\libhal_bsp.a(alt_irq_entry.o)
                0x00080020                alt_irq_entry
 .exceptions.entry.label
                0x00080020        0x0 c:/Users/arlow/Downloads/DSD_CW/DE1-SoC/system_template_de1_soc/software/hello_world_custom_instr_bsp/\libhal_bsp.a(alt_exception_entry.o)
                0x00080020                alt_exception
 *(.exceptions.entry.user)
 *(.exceptions.entry.ecc_fatal)
 *(.exceptions.entry)
 .exceptions.entry
                0x00080020       0x54 c:/Users/arlow/Downloads/DSD_CW/DE1-SoC/system_template_de1_soc/software/hello_world_custom_instr_bsp/\libhal_bsp.a(alt_exception_entry.o)
 *(.exceptions.irqtest.user)
 *(.exceptions.irqtest)
 .exceptions.irqtest
                0x00080074       0x10 c:/Users/arlow/Downloads/DSD_CW/DE1-SoC/system_template_de1_soc/software/hello_world_custom_instr_bsp/\libhal_bsp.a(alt_irq_entry.o)
 *(.exceptions.irqhandler.user)
 *(.exceptions.irqhandler)
 .exceptions.irqhandler
                0x00080084        0x4 c:/Users/arlow/Downloads/DSD_CW/DE1-SoC/system_template_de1_soc/software/hello_world_custom_instr_bsp/\libhal_bsp.a(alt_irq_entry.o)
 *(.exceptions.irqreturn.user)
 *(.exceptions.irqreturn)
 .exceptions.irqreturn
                0x00080088        0x4 c:/Users/arlow/Downloads/DSD_CW/DE1-SoC/system_template_de1_soc/software/hello_world_custom_instr_bsp/\libhal_bsp.a(alt_irq_entry.o)
 *(.exceptions.notirq.label)
 .exceptions.notirq.label
                0x0008008c        0x0 c:/Users/arlow/Downloads/DSD_CW/DE1-SoC/system_template_de1_soc/software/hello_world_custom_instr_bsp/\libhal_bsp.a(alt_irq_entry.o)
 *(.exceptions.notirq.user)
 *(.exceptions.notirq)
 .exceptions.notirq
                0x0008008c        0x8 c:/Users/arlow/Downloads/DSD_CW/DE1-SoC/system_template_de1_soc/software/hello_world_custom_instr_bsp/\libhal_bsp.a(alt_exception_entry.o)
 *(.exceptions.soft.user)
 *(.exceptions.soft)
 *(.exceptions.unknown.user)
 *(.exceptions.unknown)
 .exceptions.unknown
                0x00080094       0x14 c:/Users/arlow/Downloads/DSD_CW/DE1-SoC/system_template_de1_soc/software/hello_world_custom_instr_bsp/\libhal_bsp.a(alt_exception_entry.o)
 *(.exceptions.exit.label)
 .exceptions.exit.label
                0x000800a8        0x0 c:/Users/arlow/Downloads/DSD_CW/DE1-SoC/system_template_de1_soc/software/hello_world_custom_instr_bsp/\libhal_bsp.a(alt_irq_entry.o)
 .exceptions.exit.label
                0x000800a8        0x0 c:/Users/arlow/Downloads/DSD_CW/DE1-SoC/system_template_de1_soc/software/hello_world_custom_instr_bsp/\libhal_bsp.a(alt_exception_entry.o)
 *(.exceptions.exit.user)
 *(.exceptions.exit)
 .exceptions.exit
                0x000800a8       0x54 c:/Users/arlow/Downloads/DSD_CW/DE1-SoC/system_template_de1_soc/software/hello_world_custom_instr_bsp/\libhal_bsp.a(alt_exception_entry.o)
 *(.exceptions)
 .exceptions    0x000800fc       0x68 c:/Users/arlow/Downloads/DSD_CW/DE1-SoC/system_template_de1_soc/software/hello_world_custom_instr_bsp/\libhal_bsp.a(alt_irq_handler.o)
                0x000800fc                alt_irq_handler
 .exceptions    0x00080164       0x2c c:/Users/arlow/Downloads/DSD_CW/DE1-SoC/system_template_de1_soc/software/hello_world_custom_instr_bsp/\libhal_bsp.a(alt_instruction_exception_entry.o)
                0x00080164                alt_instruction_exception_entry
                0x00080190                        PROVIDE (__ram_exceptions_end = ABSOLUTE (.))
                0x00080020                        PROVIDE (__flash_exceptions_start = LOADADDR (.exceptions))

.text           0x00080190    0x11bcc
                [!provide]                        PROVIDE (stext = ABSOLUTE (.))
 *(.interp)
 *(.hash)
 *(.dynsym)
 *(.dynstr)
 *(.gnu.version)
 *(.gnu.version_d)
 *(.gnu.version_r)
 *(.rel.init)
 *(.rela.init)
 *(.rel.text .rel.text.* .rel.gnu.linkonce.t.*)
 *(.rela.text .rela.text.* .rela.gnu.linkonce.t.*)
 *(.rel.fini)
 *(.rela.fini)
 *(.rel.rodata .rel.rodata.* .rel.gnu.linkonce.r.*)
 *(.rela.rodata .rela.rodata.* .rela.gnu.linkonce.r.*)
 *(.rel.data .rel.data.* .rel.gnu.linkonce.d.*)
 *(.rela.data .rela.data.* .rela.gnu.linkonce.d.*)
 *(.rel.tdata .rel.tdata.* .rel.gnu.linkonce.td.*)
 *(.rela.tdata .rela.tdata.* .rela.gnu.linkonce.td.*)
 *(.rel.tbss .rel.tbss.* .rel.gnu.linkonce.tb.*)
 *(.rela.tbss .rela.tbss.* .rela.gnu.linkonce.tb.*)
 *(.rel.ctors)
 *(.rela.ctors)
 *(.rel.dtors)
 *(.rela.dtors)
 *(.rel.got)
 *(.rela.got)
 *(.rel.sdata .rel.sdata.* .rel.gnu.linkonce.s.*)
 *(.rela.sdata .rela.sdata.* .rela.gnu.linkonce.s.*)
 *(.rel.sbss .rel.sbss.* .rel.gnu.linkonce.sb.*)
 *(.rela.sbss .rela.sbss.* .rela.gnu.linkonce.sb.*)
 *(.rel.sdata2 .rel.sdata2.* .rel.gnu.linkonce.s2.*)
 *(.rela.sdata2 .rela.sdata2.* .rela.gnu.linkonce.s2.*)
 *(.rel.sbss2 .rel.sbss2.* .rel.gnu.linkonce.sb2.*)
 *(.rela.sbss2 .rela.sbss2.* .rela.gnu.linkonce.sb2.*)
 *(.rel.bss .rel.bss.* .rel.gnu.linkonce.b.*)
 *(.rela.bss .rela.bss.* .rela.gnu.linkonce.b.*)
 *(.rel.plt)
 *(.rela.plt)
 *(.rel.dyn)
 *(.init)
 *(.plt)
 *(.text .stub .text.* .gnu.linkonce.t.*)
 .text          0x00080190       0x4c c:/Users/arlow/Downloads/DSD_CW/DE1-SoC/system_template_de1_soc/software/hello_world_custom_instr_bsp//obj/HAL/src/crt0.o
                0x00080190                _start
 .text          0x000801dc      0x868 obj/default/hello_world.o
                0x00080948                main
 .text          0x00080a44        0x0 c:/intelfpga_lite/23.1std/nios2eds/bin/gnu/h-x86_64-mingw32/bin/../lib/gcc/nios2-elf/12.3.1/../../../../../H-x86_64-mingw32/nios2-elf/lib/mno-hw-mul\libm.a(libm_a-s_cos.o)
 .text.cos      0x00080a44       0xdc c:/intelfpga_lite/23.1std/nios2eds/bin/gnu/h-x86_64-mingw32/bin/../lib/gcc/nios2-elf/12.3.1/../../../../../H-x86_64-mingw32/nios2-elf/lib/mno-hw-mul\libm.a(libm_a-s_cos.o)
                0x00080a44                cos
 .text          0x00080b20        0x0 c:/intelfpga_lite/23.1std/nios2eds/bin/gnu/h-x86_64-mingw32/bin/../lib/gcc/nios2-elf/12.3.1/../../../../../H-x86_64-mingw32/nios2-elf/lib/mno-hw-mul\libm.a(libm_a-k_cos.o)
 .text.__kernel_cos
                0x00080b20      0x2c8 c:/intelfpga_lite/23.1std/nios2eds/bin/gnu/h-x86_64-mingw32/bin/../lib/gcc/nios2-elf/12.3.1/../../../../../H-x86_64-mingw32/nios2-elf/lib/mno-hw-mul\libm.a(libm_a-k_cos.o)
                0x00080b20                __kernel_cos
 .text          0x00080de8        0x0 c:/intelfpga_lite/23.1std/nios2eds/bin/gnu/h-x86_64-mingw32/bin/../lib/gcc/nios2-elf/12.3.1/../../../../../H-x86_64-mingw32/nios2-elf/lib/mno-hw-mul\libm.a(libm_a-k_sin.o)
 .text.__kernel_sin
                0x00080de8      0x2c4 c:/intelfpga_lite/23.1std/nios2eds/bin/gnu/h-x86_64-mingw32/bin/../lib/gcc/nios2-elf/12.3.1/../../../../../H-x86_64-mingw32/nios2-elf/lib/mno-hw-mul\libm.a(libm_a-k_sin.o)
                0x00080de8                __kernel_sin
 .text          0x000810ac        0x0 c:/intelfpga_lite/23.1std/nios2eds/bin/gnu/h-x86_64-mingw32/bin/../lib/gcc/nios2-elf/12.3.1/../../../../../H-x86_64-mingw32/nios2-elf/lib/mno-hw-mul\libm.a(libm_a-e_rem_pio2.o)
 .text.__ieee754_rem_pio2
                0x000810ac      0x6dc c:/intelfpga_lite/23.1std/nios2eds/bin/gnu/h-x86_64-mingw32/bin/../lib/gcc/nios2-elf/12.3.1/../../../../../H-x86_64-mingw32/nios2-elf/lib/mno-hw-mul\libm.a(libm_a-e_rem_pio2.o)
                0x000810ac                __ieee754_rem_pio2
 .text          0x00081788        0x0 c:/intelfpga_lite/23.1std/nios2eds/bin/gnu/h-x86_64-mingw32/bin/../lib/gcc/nios2-elf/12.3.1/../../../../../H-x86_64-mingw32/nios2-elf/lib/mno-hw-mul\libm.a(libm_a-s_fabs.o)
 .text.fabs     0x00081788       0x14 c:/intelfpga_lite/23.1std/nios2eds/bin/gnu/h-x86_64-mingw32/bin/../lib/gcc/nios2-elf/12.3.1/../../../../../H-x86_64-mingw32/nios2-elf/lib/mno-hw-mul\libm.a(libm_a-s_fabs.o)
                0x00081788                fabs
 .text          0x0008179c        0x0 c:/intelfpga_lite/23.1std/nios2eds/bin/gnu/h-x86_64-mingw32/bin/../lib/gcc/nios2-elf/12.3.1/../../../../../H-x86_64-mingw32/nios2-elf/lib/mno-hw-mul\libm.a(libm_a-k_rem_pio2.o)
 .text.__kernel_rem_pio2
                0x0008179c      0xb38 c:/intelfpga_lite/23.1std/nios2eds/bin/gnu/h-x86_64-mingw32/bin/../lib/gcc/nios2-elf/12.3.1/../../../../../H-x86_64-mingw32/nios2-elf/lib/mno-hw-mul\libm.a(libm_a-k_rem_pio2.o)
                0x0008179c                __kernel_rem_pio2
 .text          0x000822d4        0x0 c:/intelfpga_lite/23.1std/nios2eds/bin/gnu/h-x86_64-mingw32/bin/../lib/gcc/nios2-elf/12.3.1/../../../../../H-x86_64-mingw32/nios2-elf/lib/mno-hw-mul\libm.a(libm_a-s_floor.o)
 .text.floor    0x000822d4      0x1d0 c:/intelfpga_lite/23.1std/nios2eds/bin/gnu/h-x86_64-mingw32/bin/../lib/gcc/nios2-elf/12.3.1/../../../../../H-x86_64-mingw32/nios2-elf/lib/mno-hw-mul\libm.a(libm_a-s_floor.o)
                0x000822d4                floor
 .text          0x000824a4        0x0 c:/intelfpga_lite/23.1std/nios2eds/bin/gnu/h-x86_64-mingw32/bin/../lib/gcc/nios2-elf/12.3.1/../../../../../H-x86_64-mingw32/nios2-elf/lib/mno-hw-mul\libm.a(libm_a-s_scalbn.o)
 .text.scalbn   0x000824a4      0x164 c:/intelfpga_lite/23.1std/nios2eds/bin/gnu/h-x86_64-mingw32/bin/../lib/gcc/nios2-elf/12.3.1/../../../../../H-x86_64-mingw32/nios2-elf/lib/mno-hw-mul\libm.a(libm_a-s_scalbn.o)
                0x000824a4                scalbn
 .text          0x00082608      0x1b4 c:/intelfpga_lite/23.1std/nios2eds/bin/gnu/h-x86_64-mingw32/bin/../lib/gcc/nios2-elf/12.3.1/mno-hw-mul\libgcc.a(lib2-divmod.o)
                0x00082608                __divsi3
                0x00082688                __modsi3
                0x000826fc                __udivsi3
                0x00082760                __umodsi3
 .text          0x000827bc      0x494 c:/intelfpga_lite/23.1std/nios2eds/bin/gnu/h-x86_64-mingw32/bin/../lib/gcc/nios2-elf/12.3.1/mno-hw-mul\libgcc.a(addsf3.o)
                0x000827bc                __addsf3
 .text          0x00082c50      0x418 c:/intelfpga_lite/23.1std/nios2eds/bin/gnu/h-x86_64-mingw32/bin/../lib/gcc/nios2-elf/12.3.1/mno-hw-mul\libgcc.a(divsf3.o)
                0x00082c50                __divsf3
 .text          0x00083068       0xd4 c:/intelfpga_lite/23.1std/nios2eds/bin/gnu/h-x86_64-mingw32/bin/../lib/gcc/nios2-elf/12.3.1/mno-hw-mul\libgcc.a(gesf2.o)
                0x00083068                __gesf2
                0x00083068                __gtsf2
 .text          0x0008313c      0x41c c:/intelfpga_lite/23.1std/nios2eds/bin/gnu/h-x86_64-mingw32/bin/../lib/gcc/nios2-elf/12.3.1/mno-hw-mul\libgcc.a(mulsf3.o)
                0x0008313c                __mulsf3
 .text          0x00083558      0x128 c:/intelfpga_lite/23.1std/nios2eds/bin/gnu/h-x86_64-mingw32/bin/../lib/gcc/nios2-elf/12.3.1/mno-hw-mul\libgcc.a(floatsisf.o)
                0x00083558                __floatsisf
 .text          0x00083680      0x904 c:/intelfpga_lite/23.1std/nios2eds/bin/gnu/h-x86_64-mingw32/bin/../lib/gcc/nios2-elf/12.3.1/mno-hw-mul\libgcc.a(adddf3.o)
                0x00083680                __adddf3
 .text          0x00083f84      0x8ec c:/intelfpga_lite/23.1std/nios2eds/bin/gnu/h-x86_64-mingw32/bin/../lib/gcc/nios2-elf/12.3.1/mno-hw-mul\libgcc.a(divdf3.o)
                0x00083f84                __divdf3
 .text          0x00084870       0x94 c:/intelfpga_lite/23.1std/nios2eds/bin/gnu/h-x86_64-mingw32/bin/../lib/gcc/nios2-elf/12.3.1/mno-hw-mul\libgcc.a(eqdf2.o)
                0x00084870                __nedf2
                0x00084870                __eqdf2
 .text          0x00084904       0xfc c:/intelfpga_lite/23.1std/nios2eds/bin/gnu/h-x86_64-mingw32/bin/../lib/gcc/nios2-elf/12.3.1/mno-hw-mul\libgcc.a(gedf2.o)
                0x00084904                __gedf2
                0x00084904                __gtdf2
 .text          0x00084a00      0x808 c:/intelfpga_lite/23.1std/nios2eds/bin/gnu/h-x86_64-mingw32/bin/../lib/gcc/nios2-elf/12.3.1/mno-hw-mul\libgcc.a(muldf3.o)
                0x00084a00                __muldf3
 .text          0x00085208      0x99c c:/intelfpga_lite/23.1std/nios2eds/bin/gnu/h-x86_64-mingw32/bin/../lib/gcc/nios2-elf/12.3.1/mno-hw-mul\libgcc.a(subdf3.o)
                0x00085208                __subdf3
 .text          0x00085ba4       0x80 c:/intelfpga_lite/23.1std/nios2eds/bin/gnu/h-x86_64-mingw32/bin/../lib/gcc/nios2-elf/12.3.1/mno-hw-mul\libgcc.a(fixdfsi.o)
                0x00085ba4                __fixdfsi
 .text          0x00085c24       0xb8 c:/intelfpga_lite/23.1std/nios2eds/bin/gnu/h-x86_64-mingw32/bin/../lib/gcc/nios2-elf/12.3.1/mno-hw-mul\libgcc.a(floatsidf.o)
                0x00085c24                __floatsidf
 .text          0x00085cdc       0xfc c:/intelfpga_lite/23.1std/nios2eds/bin/gnu/h-x86_64-mingw32/bin/../lib/gcc/nios2-elf/12.3.1/mno-hw-mul\libgcc.a(extendsfdf2.o)
                0x00085cdc                __extendsfdf2
 .text          0x00085dd8       0x50 c:/intelfpga_lite/23.1std/nios2eds/bin/gnu/h-x86_64-mingw32/bin/../lib/gcc/nios2-elf/12.3.1/mno-hw-mul\libgcc.a(_clzsi2.o)
                0x00085dd8                __clzsi2
 .text          0x00085e28       0x28 c:/intelfpga_lite/23.1std/nios2eds/bin/gnu/h-x86_64-mingw32/bin/../lib/gcc/nios2-elf/12.3.1/mno-hw-mul\libgcc.a(lib2-mul.o)
                0x00085e28                __mulsi3
 .text          0x00085e50        0x0 c:/intelfpga_lite/23.1std/nios2eds/bin/gnu/h-x86_64-mingw32/bin/../lib/gcc/nios2-elf/12.3.1/mno-hw-mul\libgcc.a(_clz.o)
 .text          0x00085e50        0x0 c:/intelfpga_lite/23.1std/nios2eds/bin/gnu/h-x86_64-mingw32/bin/../lib/gcc/nios2-elf/12.3.1/../../../../../H-x86_64-mingw32/nios2-elf/lib/mno-hw-mul\libc.a(libc_a-rand.o)
 .text.srand    0x00085e50       0x14 c:/intelfpga_lite/23.1std/nios2eds/bin/gnu/h-x86_64-mingw32/bin/../lib/gcc/nios2-elf/12.3.1/../../../../../H-x86_64-mingw32/nios2-elf/lib/mno-hw-mul\libc.a(libc_a-rand.o)
                0x00085e50                srand
 .text.rand     0x00085e64       0x60 c:/intelfpga_lite/23.1std/nios2eds/bin/gnu/h-x86_64-mingw32/bin/../lib/gcc/nios2-elf/12.3.1/../../../../../H-x86_64-mingw32/nios2-elf/lib/mno-hw-mul\libc.a(libc_a-rand.o)
                0x00085e64                rand
 .text          0x00085ec4        0x0 c:/intelfpga_lite/23.1std/nios2eds/bin/gnu/h-x86_64-mingw32/bin/../lib/gcc/nios2-elf/12.3.1/../../../../../H-x86_64-mingw32/nios2-elf/lib/mno-hw-mul\libc.a(libc_a-printf.o)
 .text._printf_r
                0x00085ec4       0x30 c:/intelfpga_lite/23.1std/nios2eds/bin/gnu/h-x86_64-mingw32/bin/../lib/gcc/nios2-elf/12.3.1/../../../../../H-x86_64-mingw32/nios2-elf/lib/mno-hw-mul\libc.a(libc_a-printf.o)
                0x00085ec4                _printf_r
 .text.printf   0x00085ef4       0x38 c:/intelfpga_lite/23.1std/nios2eds/bin/gnu/h-x86_64-mingw32/bin/../lib/gcc/nios2-elf/12.3.1/../../../../../H-x86_64-mingw32/nios2-elf/lib/mno-hw-mul\libc.a(libc_a-printf.o)
                0x00085ef4                printf
 .text          0x00085f2c        0x0 c:/intelfpga_lite/23.1std/nios2eds/bin/gnu/h-x86_64-mingw32/bin/../lib/gcc/nios2-elf/12.3.1/../../../../../H-x86_64-mingw32/nios2-elf/lib/mno-hw-mul\libc.a(libc_a-puts.o)
 .text._puts_r  0x00085f2c       0xd0 c:/intelfpga_lite/23.1std/nios2eds/bin/gnu/h-x86_64-mingw32/bin/../lib/gcc/nios2-elf/12.3.1/../../../../../H-x86_64-mingw32/nios2-elf/lib/mno-hw-mul\libc.a(libc_a-puts.o)
                0x00085f2c                _puts_r
 .text.puts     0x00085ffc       0x10 c:/intelfpga_lite/23.1std/nios2eds/bin/gnu/h-x86_64-mingw32/bin/../lib/gcc/nios2-elf/12.3.1/../../../../../H-x86_64-mingw32/nios2-elf/lib/mno-hw-mul\libc.a(libc_a-puts.o)
                0x00085ffc                puts
 .text          0x0008600c        0x0 c:/intelfpga_lite/23.1std/nios2eds/bin/gnu/h-x86_64-mingw32/bin/../lib/gcc/nios2-elf/12.3.1/../../../../../H-x86_64-mingw32/nios2-elf/lib/mno-hw-mul\libc.a(libc_a-strlen.o)
 .text.strlen   0x0008600c       0x98 c:/intelfpga_lite/23.1std/nios2eds/bin/gnu/h-x86_64-mingw32/bin/../lib/gcc/nios2-elf/12.3.1/../../../../../H-x86_64-mingw32/nios2-elf/lib/mno-hw-mul\libc.a(libc_a-strlen.o)
                0x0008600c                strlen
 .text          0x000860a4        0x0 c:/intelfpga_lite/23.1std/nios2eds/bin/gnu/h-x86_64-mingw32/bin/../lib/gcc/nios2-elf/12.3.1/../../../../../H-x86_64-mingw32/nios2-elf/lib/mno-hw-mul\libc.a(libc_a-impure.o)
 .text          0x000860a4        0x0 c:/intelfpga_lite/23.1std/nios2eds/bin/gnu/h-x86_64-mingw32/bin/../lib/gcc/nios2-elf/12.3.1/../../../../../H-x86_64-mingw32/nios2-elf/lib/mno-hw-mul\libc.a(libc_a-vfprintf.o)
 .text.___vfprintf_internal_r
                0x000860a4     0x2384 c:/intelfpga_lite/23.1std/nios2eds/bin/gnu/h-x86_64-mingw32/bin/../lib/gcc/nios2-elf/12.3.1/../../../../../H-x86_64-mingw32/nios2-elf/lib/mno-hw-mul\libc.a(libc_a-vfprintf.o)
                0x000860a4                ___vfprintf_internal_r
 .text.__vfprintf_internal
                0x00088428       0x1c c:/intelfpga_lite/23.1std/nios2eds/bin/gnu/h-x86_64-mingw32/bin/../lib/gcc/nios2-elf/12.3.1/../../../../../H-x86_64-mingw32/nios2-elf/lib/mno-hw-mul\libc.a(libc_a-vfprintf.o)
                0x00088428                __vfprintf_internal
 .text.__sbprintf
                0x00088444       0xc4 c:/intelfpga_lite/23.1std/nios2eds/bin/gnu/h-x86_64-mingw32/bin/../lib/gcc/nios2-elf/12.3.1/../../../../../H-x86_64-mingw32/nios2-elf/lib/mno-hw-mul\libc.a(libc_a-vfprintf.o)
 .text          0x00088508        0x0 c:/intelfpga_lite/23.1std/nios2eds/bin/gnu/h-x86_64-mingw32/bin/../lib/gcc/nios2-elf/12.3.1/../../../../../H-x86_64-mingw32/nios2-elf/lib/mno-hw-mul\libc.a(libc_a-vfiprintf.o)
 .text.__sprint_r.part.0
                0x00088508       0xf4 c:/intelfpga_lite/23.1std/nios2eds/bin/gnu/h-x86_64-mingw32/bin/../lib/gcc/nios2-elf/12.3.1/../../../../../H-x86_64-mingw32/nios2-elf/lib/mno-hw-mul\libc.a(libc_a-vfiprintf.o)
 .text.__sprint_r
                0x000885fc       0x18 c:/intelfpga_lite/23.1std/nios2eds/bin/gnu/h-x86_64-mingw32/bin/../lib/gcc/nios2-elf/12.3.1/../../../../../H-x86_64-mingw32/nios2-elf/lib/mno-hw-mul\libc.a(libc_a-vfiprintf.o)
                0x000885fc                __sprint_r
 .text.___vfiprintf_internal_r
                0x00088614     0x129c c:/intelfpga_lite/23.1std/nios2eds/bin/gnu/h-x86_64-mingw32/bin/../lib/gcc/nios2-elf/12.3.1/../../../../../H-x86_64-mingw32/nios2-elf/lib/mno-hw-mul\libc.a(libc_a-vfiprintf.o)
                0x00088614                ___vfiprintf_internal_r
 .text.__vfiprintf_internal
                0x000898b0       0x1c c:/intelfpga_lite/23.1std/nios2eds/bin/gnu/h-x86_64-mingw32/bin/../lib/gcc/nios2-elf/12.3.1/../../../../../H-x86_64-mingw32/nios2-elf/lib/mno-hw-mul\libc.a(libc_a-vfiprintf.o)
                0x000898b0                __vfiprintf_internal
 .text.__sbprintf
                0x000898cc       0xc4 c:/intelfpga_lite/23.1std/nios2eds/bin/gnu/h-x86_64-mingw32/bin/../lib/gcc/nios2-elf/12.3.1/../../../../../H-x86_64-mingw32/nios2-elf/lib/mno-hw-mul\libc.a(libc_a-vfiprintf.o)
 .text          0x00089990        0x0 c:/intelfpga_lite/23.1std/nios2eds/bin/gnu/h-x86_64-mingw32/bin/../lib/gcc/nios2-elf/12.3.1/../../../../../H-x86_64-mingw32/nios2-elf/lib/mno-hw-mul\libc.a(libc_a-fflush.o)
 .text.__sflush_r
                0x00089990      0x208 c:/intelfpga_lite/23.1std/nios2eds/bin/gnu/h-x86_64-mingw32/bin/../lib/gcc/nios2-elf/12.3.1/../../../../../H-x86_64-mingw32/nios2-elf/lib/mno-hw-mul\libc.a(libc_a-fflush.o)
                0x00089990                __sflush_r
 .text._fflush_r
                0x00089b98       0x5c c:/intelfpga_lite/23.1std/nios2eds/bin/gnu/h-x86_64-mingw32/bin/../lib/gcc/nios2-elf/12.3.1/../../../../../H-x86_64-mingw32/nios2-elf/lib/mno-hw-mul\libc.a(libc_a-fflush.o)
                0x00089b98                _fflush_r
 .text.fflush   0x00089bf4       0x8c c:/intelfpga_lite/23.1std/nios2eds/bin/gnu/h-x86_64-mingw32/bin/../lib/gcc/nios2-elf/12.3.1/../../../../../H-x86_64-mingw32/nios2-elf/lib/mno-hw-mul\libc.a(libc_a-fflush.o)
                0x00089bf4                fflush
 .text          0x00089c80        0x0 c:/intelfpga_lite/23.1std/nios2eds/bin/gnu/h-x86_64-mingw32/bin/../lib/gcc/nios2-elf/12.3.1/../../../../../H-x86_64-mingw32/nios2-elf/lib/mno-hw-mul\libc.a(libc_a-findfp.o)
 .text.__fp_lock
                0x00089c80        0x8 c:/intelfpga_lite/23.1std/nios2eds/bin/gnu/h-x86_64-mingw32/bin/../lib/gcc/nios2-elf/12.3.1/../../../../../H-x86_64-mingw32/nios2-elf/lib/mno-hw-mul\libc.a(libc_a-findfp.o)
 .text.stdio_exit_handler
                0x00089c88       0x1c c:/intelfpga_lite/23.1std/nios2eds/bin/gnu/h-x86_64-mingw32/bin/../lib/gcc/nios2-elf/12.3.1/../../../../../H-x86_64-mingw32/nios2-elf/lib/mno-hw-mul\libc.a(libc_a-findfp.o)
 .text.cleanup_stdio
                0x00089ca4       0x70 c:/intelfpga_lite/23.1std/nios2eds/bin/gnu/h-x86_64-mingw32/bin/../lib/gcc/nios2-elf/12.3.1/../../../../../H-x86_64-mingw32/nios2-elf/lib/mno-hw-mul\libc.a(libc_a-findfp.o)
 .text.__fp_unlock
                0x00089d14        0x8 c:/intelfpga_lite/23.1std/nios2eds/bin/gnu/h-x86_64-mingw32/bin/../lib/gcc/nios2-elf/12.3.1/../../../../../H-x86_64-mingw32/nios2-elf/lib/mno-hw-mul\libc.a(libc_a-findfp.o)
 .text.global_stdio_init.part.0
                0x00089d1c      0x174 c:/intelfpga_lite/23.1std/nios2eds/bin/gnu/h-x86_64-mingw32/bin/../lib/gcc/nios2-elf/12.3.1/../../../../../H-x86_64-mingw32/nios2-elf/lib/mno-hw-mul\libc.a(libc_a-findfp.o)
 .text.__sfp    0x00089e90      0x120 c:/intelfpga_lite/23.1std/nios2eds/bin/gnu/h-x86_64-mingw32/bin/../lib/gcc/nios2-elf/12.3.1/../../../../../H-x86_64-mingw32/nios2-elf/lib/mno-hw-mul\libc.a(libc_a-findfp.o)
                0x00089e90                __sfp
 .text.__sinit  0x00089fb0       0x28 c:/intelfpga_lite/23.1std/nios2eds/bin/gnu/h-x86_64-mingw32/bin/../lib/gcc/nios2-elf/12.3.1/../../../../../H-x86_64-mingw32/nios2-elf/lib/mno-hw-mul\libc.a(libc_a-findfp.o)
                0x00089fb0                __sinit
 .text.__sfp_lock_acquire
                0x00089fd8        0x4 c:/intelfpga_lite/23.1std/nios2eds/bin/gnu/h-x86_64-mingw32/bin/../lib/gcc/nios2-elf/12.3.1/../../../../../H-x86_64-mingw32/nios2-elf/lib/mno-hw-mul\libc.a(libc_a-findfp.o)
                0x00089fd8                __sfp_lock_acquire
 .text.__sfp_lock_release
                0x00089fdc        0x4 c:/intelfpga_lite/23.1std/nios2eds/bin/gnu/h-x86_64-mingw32/bin/../lib/gcc/nios2-elf/12.3.1/../../../../../H-x86_64-mingw32/nios2-elf/lib/mno-hw-mul\libc.a(libc_a-findfp.o)
                0x00089fdc                __sfp_lock_release
 .text.__fp_lock_all
                0x00089fe0       0x18 c:/intelfpga_lite/23.1std/nios2eds/bin/gnu/h-x86_64-mingw32/bin/../lib/gcc/nios2-elf/12.3.1/../../../../../H-x86_64-mingw32/nios2-elf/lib/mno-hw-mul\libc.a(libc_a-findfp.o)
                0x00089fe0                __fp_lock_all
 .text.__fp_unlock_all
                0x00089ff8       0x18 c:/intelfpga_lite/23.1std/nios2eds/bin/gnu/h-x86_64-mingw32/bin/../lib/gcc/nios2-elf/12.3.1/../../../../../H-x86_64-mingw32/nios2-elf/lib/mno-hw-mul\libc.a(libc_a-findfp.o)
                0x00089ff8                __fp_unlock_all
 .text          0x0008a010        0x0 c:/intelfpga_lite/23.1std/nios2eds/bin/gnu/h-x86_64-mingw32/bin/../lib/gcc/nios2-elf/12.3.1/../../../../../H-x86_64-mingw32/nios2-elf/lib/mno-hw-mul\libc.a(libc_a-fvwrite.o)
 .text.__sfvwrite_r
                0x0008a010      0x4a0 c:/intelfpga_lite/23.1std/nios2eds/bin/gnu/h-x86_64-mingw32/bin/../lib/gcc/nios2-elf/12.3.1/../../../../../H-x86_64-mingw32/nios2-elf/lib/mno-hw-mul\libc.a(libc_a-fvwrite.o)
                0x0008a010                __sfvwrite_r
 .text          0x0008a4b0        0x0 c:/intelfpga_lite/23.1std/nios2eds/bin/gnu/h-x86_64-mingw32/bin/../lib/gcc/nios2-elf/12.3.1/../../../../../H-x86_64-mingw32/nios2-elf/lib/mno-hw-mul\libc.a(libc_a-fwalk.o)
 .text._fwalk_sglue
                0x0008a4b0       0xa8 c:/intelfpga_lite/23.1std/nios2eds/bin/gnu/h-x86_64-mingw32/bin/../lib/gcc/nios2-elf/12.3.1/../../../../../H-x86_64-mingw32/nios2-elf/lib/mno-hw-mul\libc.a(libc_a-fwalk.o)
                0x0008a4b0                _fwalk_sglue
 .text          0x0008a558        0x0 c:/intelfpga_lite/23.1std/nios2eds/bin/gnu/h-x86_64-mingw32/bin/../lib/gcc/nios2-elf/12.3.1/../../../../../H-x86_64-mingw32/nios2-elf/lib/mno-hw-mul\libc.a(libc_a-stdio.o)
 .text.__sread  0x0008a558       0x54 c:/intelfpga_lite/23.1std/nios2eds/bin/gnu/h-x86_64-mingw32/bin/../lib/gcc/nios2-elf/12.3.1/../../../../../H-x86_64-mingw32/nios2-elf/lib/mno-hw-mul\libc.a(libc_a-stdio.o)
                0x0008a558                __sread
 .text.__seofread
                0x0008a5ac        0x8 c:/intelfpga_lite/23.1std/nios2eds/bin/gnu/h-x86_64-mingw32/bin/../lib/gcc/nios2-elf/12.3.1/../../../../../H-x86_64-mingw32/nios2-elf/lib/mno-hw-mul\libc.a(libc_a-stdio.o)
                0x0008a5ac                __seofread
 .text.__swrite
                0x0008a5b4       0x80 c:/intelfpga_lite/23.1std/nios2eds/bin/gnu/h-x86_64-mingw32/bin/../lib/gcc/nios2-elf/12.3.1/../../../../../H-x86_64-mingw32/nios2-elf/lib/mno-hw-mul\libc.a(libc_a-stdio.o)
                0x0008a5b4                __swrite
 .text.__sseek  0x0008a634       0x5c c:/intelfpga_lite/23.1std/nios2eds/bin/gnu/h-x86_64-mingw32/bin/../lib/gcc/nios2-elf/12.3.1/../../../../../H-x86_64-mingw32/nios2-elf/lib/mno-hw-mul\libc.a(libc_a-stdio.o)
                0x0008a634                __sseek
 .text.__sclose
                0x0008a690        0x8 c:/intelfpga_lite/23.1std/nios2eds/bin/gnu/h-x86_64-mingw32/bin/../lib/gcc/nios2-elf/12.3.1/../../../../../H-x86_64-mingw32/nios2-elf/lib/mno-hw-mul\libc.a(libc_a-stdio.o)
                0x0008a690                __sclose
 .text          0x0008a698        0x0 c:/intelfpga_lite/23.1std/nios2eds/bin/gnu/h-x86_64-mingw32/bin/../lib/gcc/nios2-elf/12.3.1/../../../../../H-x86_64-mingw32/nios2-elf/lib/mno-hw-mul\libc.a(libc_a-wsetup.o)
 .text.__swsetup_r
                0x0008a698      0x144 c:/intelfpga_lite/23.1std/nios2eds/bin/gnu/h-x86_64-mingw32/bin/../lib/gcc/nios2-elf/12.3.1/../../../../../H-x86_64-mingw32/nios2-elf/lib/mno-hw-mul\libc.a(libc_a-wsetup.o)
                0x0008a698                __swsetup_r
 .text          0x0008a7dc        0x0 c:/intelfpga_lite/23.1std/nios2eds/bin/gnu/h-x86_64-mingw32/bin/../lib/gcc/nios2-elf/12.3.1/../../../../../H-x86_64-mingw32/nios2-elf/lib/mno-hw-mul\libc.a(libc_a-fputwc.o)
 .text.__fputwc
                0x0008a7dc      0x164 c:/intelfpga_lite/23.1std/nios2eds/bin/gnu/h-x86_64-mingw32/bin/../lib/gcc/nios2-elf/12.3.1/../../../../../H-x86_64-mingw32/nios2-elf/lib/mno-hw-mul\libc.a(libc_a-fputwc.o)
                0x0008a7dc                __fputwc
 .text._fputwc_r
                0x0008a940       0x24 c:/intelfpga_lite/23.1std/nios2eds/bin/gnu/h-x86_64-mingw32/bin/../lib/gcc/nios2-elf/12.3.1/../../../../../H-x86_64-mingw32/nios2-elf/lib/mno-hw-mul\libc.a(libc_a-fputwc.o)
                0x0008a940                _fputwc_r
 .text.fputwc   0x0008a964       0x78 c:/intelfpga_lite/23.1std/nios2eds/bin/gnu/h-x86_64-mingw32/bin/../lib/gcc/nios2-elf/12.3.1/../../../../../H-x86_64-mingw32/nios2-elf/lib/mno-hw-mul\libc.a(libc_a-fputwc.o)
                0x0008a964                fputwc
 .text          0x0008a9dc        0x0 c:/intelfpga_lite/23.1std/nios2eds/bin/gnu/h-x86_64-mingw32/bin/../lib/gcc/nios2-elf/12.3.1/../../../../../H-x86_64-mingw32/nios2-elf/lib/mno-hw-mul\libc.a(libc_a-memchr.o)
 .text.memchr   0x0008a9dc       0xfc c:/intelfpga_lite/23.1std/nios2eds/bin/gnu/h-x86_64-mingw32/bin/../lib/gcc/nios2-elf/12.3.1/../../../../../H-x86_64-mingw32/nios2-elf/lib/mno-hw-mul\libc.a(libc_a-memchr.o)
                0x0008a9dc                memchr
 .text          0x0008aad8        0x0 c:/intelfpga_lite/23.1std/nios2eds/bin/gnu/h-x86_64-mingw32/bin/../lib/gcc/nios2-elf/12.3.1/../../../../../H-x86_64-mingw32/nios2-elf/lib/mno-hw-mul\libc.a(libc_a-memcpy.o)
 .text.memcpy   0x0008aad8      0x100 c:/intelfpga_lite/23.1std/nios2eds/bin/gnu/h-x86_64-mingw32/bin/../lib/gcc/nios2-elf/12.3.1/../../../../../H-x86_64-mingw32/nios2-elf/lib/mno-hw-mul\libc.a(libc_a-memcpy.o)
                0x0008aad8                memcpy
 .text          0x0008abd8        0x0 c:/intelfpga_lite/23.1std/nios2eds/bin/gnu/h-x86_64-mingw32/bin/../lib/gcc/nios2-elf/12.3.1/../../../../../H-x86_64-mingw32/nios2-elf/lib/mno-hw-mul\libc.a(libc_a-memmove.o)
 .text.memmove  0x0008abd8      0x128 c:/intelfpga_lite/23.1std/nios2eds/bin/gnu/h-x86_64-mingw32/bin/../lib/gcc/nios2-elf/12.3.1/../../../../../H-x86_64-mingw32/nios2-elf/lib/mno-hw-mul\libc.a(libc_a-memmove.o)
                0x0008abd8                memmove
 .text          0x0008ad00        0x0 c:/intelfpga_lite/23.1std/nios2eds/bin/gnu/h-x86_64-mingw32/bin/../lib/gcc/nios2-elf/12.3.1/../../../../../H-x86_64-mingw32/nios2-elf/lib/mno-hw-mul\libc.a(libc_a-memset.o)
 .text.memset   0x0008ad00      0x140 c:/intelfpga_lite/23.1std/nios2eds/bin/gnu/h-x86_64-mingw32/bin/../lib/gcc/nios2-elf/12.3.1/../../../../../H-x86_64-mingw32/nios2-elf/lib/mno-hw-mul\libc.a(libc_a-memset.o)
                0x0008ad00                memset
 .text          0x0008ae40        0x0 c:/intelfpga_lite/23.1std/nios2eds/bin/gnu/h-x86_64-mingw32/bin/../lib/gcc/nios2-elf/12.3.1/../../../../../H-x86_64-mingw32/nios2-elf/lib/mno-hw-mul\libc.a(libc_a-locale.o)
 .text._setlocale_r
                0x0008ae40       0x7c c:/intelfpga_lite/23.1std/nios2eds/bin/gnu/h-x86_64-mingw32/bin/../lib/gcc/nios2-elf/12.3.1/../../../../../H-x86_64-mingw32/nios2-elf/lib/mno-hw-mul\libc.a(libc_a-locale.o)
                0x0008ae40                _setlocale_r
 .text.__locale_mb_cur_max
                0x0008aebc        0xc c:/intelfpga_lite/23.1std/nios2eds/bin/gnu/h-x86_64-mingw32/bin/../lib/gcc/nios2-elf/12.3.1/../../../../../H-x86_64-mingw32/nios2-elf/lib/mno-hw-mul\libc.a(libc_a-locale.o)
                0x0008aebc                __locale_mb_cur_max
 .text.setlocale
                0x0008aec8       0x7c c:/intelfpga_lite/23.1std/nios2eds/bin/gnu/h-x86_64-mingw32/bin/../lib/gcc/nios2-elf/12.3.1/../../../../../H-x86_64-mingw32/nios2-elf/lib/mno-hw-mul\libc.a(libc_a-locale.o)
                0x0008aec8                setlocale
 .text          0x0008af44        0x0 c:/intelfpga_lite/23.1std/nios2eds/bin/gnu/h-x86_64-mingw32/bin/../lib/gcc/nios2-elf/12.3.1/../../../../../H-x86_64-mingw32/nios2-elf/lib/mno-hw-mul\libc.a(libc_a-localeconv.o)
 .text.__localeconv_l
                0x0008af44        0x8 c:/intelfpga_lite/23.1std/nios2eds/bin/gnu/h-x86_64-mingw32/bin/../lib/gcc/nios2-elf/12.3.1/../../../../../H-x86_64-mingw32/nios2-elf/lib/mno-hw-mul\libc.a(libc_a-localeconv.o)
                0x0008af44                __localeconv_l
 .text._localeconv_r
                0x0008af4c        0xc c:/intelfpga_lite/23.1std/nios2eds/bin/gnu/h-x86_64-mingw32/bin/../lib/gcc/nios2-elf/12.3.1/../../../../../H-x86_64-mingw32/nios2-elf/lib/mno-hw-mul\libc.a(libc_a-localeconv.o)
                0x0008af4c                _localeconv_r
 .text.localeconv
                0x0008af58        0xc c:/intelfpga_lite/23.1std/nios2eds/bin/gnu/h-x86_64-mingw32/bin/../lib/gcc/nios2-elf/12.3.1/../../../../../H-x86_64-mingw32/nios2-elf/lib/mno-hw-mul\libc.a(libc_a-localeconv.o)
                0x0008af58                localeconv
 .text          0x0008af64        0x0 c:/intelfpga_lite/23.1std/nios2eds/bin/gnu/h-x86_64-mingw32/bin/../lib/gcc/nios2-elf/12.3.1/../../../../../H-x86_64-mingw32/nios2-elf/lib/mno-hw-mul\libc.a(libc_a-closer.o)
 .text._close_r
                0x0008af64       0x58 c:/intelfpga_lite/23.1std/nios2eds/bin/gnu/h-x86_64-mingw32/bin/../lib/gcc/nios2-elf/12.3.1/../../../../../H-x86_64-mingw32/nios2-elf/lib/mno-hw-mul\libc.a(libc_a-closer.o)
                0x0008af64                _close_r
 .text          0x0008afbc        0x0 c:/intelfpga_lite/23.1std/nios2eds/bin/gnu/h-x86_64-mingw32/bin/../lib/gcc/nios2-elf/12.3.1/../../../../../H-x86_64-mingw32/nios2-elf/lib/mno-hw-mul\libc.a(libc_a-reent.o)
 .text._reclaim_reent
                0x0008afbc       0xc8 c:/intelfpga_lite/23.1std/nios2eds/bin/gnu/h-x86_64-mingw32/bin/../lib/gcc/nios2-elf/12.3.1/../../../../../H-x86_64-mingw32/nios2-elf/lib/mno-hw-mul\libc.a(libc_a-reent.o)
                0x0008afbc                _reclaim_reent
 .text          0x0008b084        0x0 c:/intelfpga_lite/23.1std/nios2eds/bin/gnu/h-x86_64-mingw32/bin/../lib/gcc/nios2-elf/12.3.1/../../../../../H-x86_64-mingw32/nios2-elf/lib/mno-hw-mul\libc.a(libc_a-lseekr.o)
 .text._lseek_r
                0x0008b084       0x64 c:/intelfpga_lite/23.1std/nios2eds/bin/gnu/h-x86_64-mingw32/bin/../lib/gcc/nios2-elf/12.3.1/../../../../../H-x86_64-mingw32/nios2-elf/lib/mno-hw-mul\libc.a(libc_a-lseekr.o)
                0x0008b084                _lseek_r
 .text          0x0008b0e8        0x0 c:/intelfpga_lite/23.1std/nios2eds/bin/gnu/h-x86_64-mingw32/bin/../lib/gcc/nios2-elf/12.3.1/../../../../../H-x86_64-mingw32/nios2-elf/lib/mno-hw-mul\libc.a(libc_a-readr.o)
 .text._read_r  0x0008b0e8       0x64 c:/intelfpga_lite/23.1std/nios2eds/bin/gnu/h-x86_64-mingw32/bin/../lib/gcc/nios2-elf/12.3.1/../../../../../H-x86_64-mingw32/nios2-elf/lib/mno-hw-mul\libc.a(libc_a-readr.o)
                0x0008b0e8                _read_r
 .text          0x0008b14c        0x0 c:/intelfpga_lite/23.1std/nios2eds/bin/gnu/h-x86_64-mingw32/bin/../lib/gcc/nios2-elf/12.3.1/../../../../../H-x86_64-mingw32/nios2-elf/lib/mno-hw-mul\libc.a(libc_a-writer.o)
 .text._write_r
                0x0008b14c       0x64 c:/intelfpga_lite/23.1std/nios2eds/bin/gnu/h-x86_64-mingw32/bin/../lib/gcc/nios2-elf/12.3.1/../../../../../H-x86_64-mingw32/nios2-elf/lib/mno-hw-mul\libc.a(libc_a-writer.o)
                0x0008b14c                _write_r
 .text          0x0008b1b0        0x0 c:/intelfpga_lite/23.1std/nios2eds/bin/gnu/h-x86_64-mingw32/bin/../lib/gcc/nios2-elf/12.3.1/../../../../../H-x86_64-mingw32/nios2-elf/lib/mno-hw-mul\libc.a(libc_a-dtoa.o)
 .text.quorem   0x0008b1b0      0x218 c:/intelfpga_lite/23.1std/nios2eds/bin/gnu/h-x86_64-mingw32/bin/../lib/gcc/nios2-elf/12.3.1/../../../../../H-x86_64-mingw32/nios2-elf/lib/mno-hw-mul\libc.a(libc_a-dtoa.o)
 .text._dtoa_r  0x0008b3c8     0x17e8 c:/intelfpga_lite/23.1std/nios2eds/bin/gnu/h-x86_64-mingw32/bin/../lib/gcc/nios2-elf/12.3.1/../../../../../H-x86_64-mingw32/nios2-elf/lib/mno-hw-mul\libc.a(libc_a-dtoa.o)
                0x0008b3c8                _dtoa_r
 .text          0x0008cbb0        0x0 c:/intelfpga_lite/23.1std/nios2eds/bin/gnu/h-x86_64-mingw32/bin/../lib/gcc/nios2-elf/12.3.1/../../../../../H-x86_64-mingw32/nios2-elf/lib/mno-hw-mul\libc.a(libc_a-exit.o)
 .text.exit     0x0008cbb0       0x30 c:/intelfpga_lite/23.1std/nios2eds/bin/gnu/h-x86_64-mingw32/bin/../lib/gcc/nios2-elf/12.3.1/../../../../../H-x86_64-mingw32/nios2-elf/lib/mno-hw-mul\libc.a(libc_a-exit.o)
                0x0008cbb0                exit
 .text          0x0008cbe0        0x0 c:/intelfpga_lite/23.1std/nios2eds/bin/gnu/h-x86_64-mingw32/bin/../lib/gcc/nios2-elf/12.3.1/../../../../../H-x86_64-mingw32/nios2-elf/lib/mno-hw-mul\libc.a(libc_a-freer.o)
 .text._malloc_trim_r
                0x0008cbe0      0x124 c:/intelfpga_lite/23.1std/nios2eds/bin/gnu/h-x86_64-mingw32/bin/../lib/gcc/nios2-elf/12.3.1/../../../../../H-x86_64-mingw32/nios2-elf/lib/mno-hw-mul\libc.a(libc_a-freer.o)
                0x0008cbe0                _malloc_trim_r
 .text._free_r  0x0008cd04      0x308 c:/intelfpga_lite/23.1std/nios2eds/bin/gnu/h-x86_64-mingw32/bin/../lib/gcc/nios2-elf/12.3.1/../../../../../H-x86_64-mingw32/nios2-elf/lib/mno-hw-mul\libc.a(libc_a-freer.o)
                0x0008cd04                _free_r
 .text          0x0008d00c        0x0 c:/intelfpga_lite/23.1std/nios2eds/bin/gnu/h-x86_64-mingw32/bin/../lib/gcc/nios2-elf/12.3.1/../../../../../H-x86_64-mingw32/nios2-elf/lib/mno-hw-mul\libc.a(libc_a-mallocr.o)
 .text._malloc_r
                0x0008d00c      0x7c8 c:/intelfpga_lite/23.1std/nios2eds/bin/gnu/h-x86_64-mingw32/bin/../lib/gcc/nios2-elf/12.3.1/../../../../../H-x86_64-mingw32/nios2-elf/lib/mno-hw-mul\libc.a(libc_a-mallocr.o)
                0x0008d00c                _malloc_r
 .text          0x0008d7d4        0x0 c:/intelfpga_lite/23.1std/nios2eds/bin/gnu/h-x86_64-mingw32/bin/../lib/gcc/nios2-elf/12.3.1/../../../../../H-x86_64-mingw32/nios2-elf/lib/mno-hw-mul\libc.a(libc_a-mbtowc_r.o)
 .text._mbtowc_r
                0x0008d7d4        0xc c:/intelfpga_lite/23.1std/nios2eds/bin/gnu/h-x86_64-mingw32/bin/../lib/gcc/nios2-elf/12.3.1/../../../../../H-x86_64-mingw32/nios2-elf/lib/mno-hw-mul\libc.a(libc_a-mbtowc_r.o)
                0x0008d7d4                _mbtowc_r
 .text.__ascii_mbtowc
                0x0008d7e0       0x44 c:/intelfpga_lite/23.1std/nios2eds/bin/gnu/h-x86_64-mingw32/bin/../lib/gcc/nios2-elf/12.3.1/../../../../../H-x86_64-mingw32/nios2-elf/lib/mno-hw-mul\libc.a(libc_a-mbtowc_r.o)
                0x0008d7e0                __ascii_mbtowc
 .text          0x0008d824        0x0 c:/intelfpga_lite/23.1std/nios2eds/bin/gnu/h-x86_64-mingw32/bin/../lib/gcc/nios2-elf/12.3.1/../../../../../H-x86_64-mingw32/nios2-elf/lib/mno-hw-mul\libc.a(libc_a-mprec.o)
 .text._Balloc  0x0008d824       0xa4 c:/intelfpga_lite/23.1std/nios2eds/bin/gnu/h-x86_64-mingw32/bin/../lib/gcc/nios2-elf/12.3.1/../../../../../H-x86_64-mingw32/nios2-elf/lib/mno-hw-mul\libc.a(libc_a-mprec.o)
                0x0008d824                _Balloc
 .text._Bfree   0x0008d8c8       0x24 c:/intelfpga_lite/23.1std/nios2eds/bin/gnu/h-x86_64-mingw32/bin/../lib/gcc/nios2-elf/12.3.1/../../../../../H-x86_64-mingw32/nios2-elf/lib/mno-hw-mul\libc.a(libc_a-mprec.o)
                0x0008d8c8                _Bfree
 .text.__multadd
                0x0008d8ec      0x154 c:/intelfpga_lite/23.1std/nios2eds/bin/gnu/h-x86_64-mingw32/bin/../lib/gcc/nios2-elf/12.3.1/../../../../../H-x86_64-mingw32/nios2-elf/lib/mno-hw-mul\libc.a(libc_a-mprec.o)
                0x0008d8ec                __multadd
 .text.__s2b    0x0008da40      0x138 c:/intelfpga_lite/23.1std/nios2eds/bin/gnu/h-x86_64-mingw32/bin/../lib/gcc/nios2-elf/12.3.1/../../../../../H-x86_64-mingw32/nios2-elf/lib/mno-hw-mul\libc.a(libc_a-mprec.o)
                0x0008da40                __s2b
 .text.__hi0bits
                0x0008db78       0x74 c:/intelfpga_lite/23.1std/nios2eds/bin/gnu/h-x86_64-mingw32/bin/../lib/gcc/nios2-elf/12.3.1/../../../../../H-x86_64-mingw32/nios2-elf/lib/mno-hw-mul\libc.a(libc_a-mprec.o)
                0x0008db78                __hi0bits
 .text.__lo0bits
                0x0008dbec       0xb0 c:/intelfpga_lite/23.1std/nios2eds/bin/gnu/h-x86_64-mingw32/bin/../lib/gcc/nios2-elf/12.3.1/../../../../../H-x86_64-mingw32/nios2-elf/lib/mno-hw-mul\libc.a(libc_a-mprec.o)
                0x0008dbec                __lo0bits
 .text.__i2b    0x0008dc9c       0xb0 c:/intelfpga_lite/23.1std/nios2eds/bin/gnu/h-x86_64-mingw32/bin/../lib/gcc/nios2-elf/12.3.1/../../../../../H-x86_64-mingw32/nios2-elf/lib/mno-hw-mul\libc.a(libc_a-mprec.o)
                0x0008dc9c                __i2b
 .text.__multiply
                0x0008dd4c      0x2a8 c:/intelfpga_lite/23.1std/nios2eds/bin/gnu/h-x86_64-mingw32/bin/../lib/gcc/nios2-elf/12.3.1/../../../../../H-x86_64-mingw32/nios2-elf/lib/mno-hw-mul\libc.a(libc_a-mprec.o)
                0x0008dd4c                __multiply
 .text.__pow5mult
                0x0008dff4      0x140 c:/intelfpga_lite/23.1std/nios2eds/bin/gnu/h-x86_64-mingw32/bin/../lib/gcc/nios2-elf/12.3.1/../../../../../H-x86_64-mingw32/nios2-elf/lib/mno-hw-mul\libc.a(libc_a-mprec.o)
                0x0008dff4                __pow5mult
 .text.__lshift
                0x0008e134      0x188 c:/intelfpga_lite/23.1std/nios2eds/bin/gnu/h-x86_64-mingw32/bin/../lib/gcc/nios2-elf/12.3.1/../../../../../H-x86_64-mingw32/nios2-elf/lib/mno-hw-mul\libc.a(libc_a-mprec.o)
                0x0008e134                __lshift
 .text.__mcmp   0x0008e2bc       0x58 c:/intelfpga_lite/23.1std/nios2eds/bin/gnu/h-x86_64-mingw32/bin/../lib/gcc/nios2-elf/12.3.1/../../../../../H-x86_64-mingw32/nios2-elf/lib/mno-hw-mul\libc.a(libc_a-mprec.o)
                0x0008e2bc                __mcmp
 .text.__mdiff  0x0008e314      0x230 c:/intelfpga_lite/23.1std/nios2eds/bin/gnu/h-x86_64-mingw32/bin/../lib/gcc/nios2-elf/12.3.1/../../../../../H-x86_64-mingw32/nios2-elf/lib/mno-hw-mul\libc.a(libc_a-mprec.o)
                0x0008e314                __mdiff
 .text.__ulp    0x0008e544       0x60 c:/intelfpga_lite/23.1std/nios2eds/bin/gnu/h-x86_64-mingw32/bin/../lib/gcc/nios2-elf/12.3.1/../../../../../H-x86_64-mingw32/nios2-elf/lib/mno-hw-mul\libc.a(libc_a-mprec.o)
                0x0008e544                __ulp
 .text.__b2d    0x0008e5a4      0x100 c:/intelfpga_lite/23.1std/nios2eds/bin/gnu/h-x86_64-mingw32/bin/../lib/gcc/nios2-elf/12.3.1/../../../../../H-x86_64-mingw32/nios2-elf/lib/mno-hw-mul\libc.a(libc_a-mprec.o)
                0x0008e5a4                __b2d
 .text.__d2b    0x0008e6a4      0x158 c:/intelfpga_lite/23.1std/nios2eds/bin/gnu/h-x86_64-mingw32/bin/../lib/gcc/nios2-elf/12.3.1/../../../../../H-x86_64-mingw32/nios2-elf/lib/mno-hw-mul\libc.a(libc_a-mprec.o)
                0x0008e6a4                __d2b
 .text.__ratio  0x0008e7fc       0xa4 c:/intelfpga_lite/23.1std/nios2eds/bin/gnu/h-x86_64-mingw32/bin/../lib/gcc/nios2-elf/12.3.1/../../../../../H-x86_64-mingw32/nios2-elf/lib/mno-hw-mul\libc.a(libc_a-mprec.o)
                0x0008e7fc                __ratio
 .text._mprec_log10
                0x0008e8a0       0x70 c:/intelfpga_lite/23.1std/nios2eds/bin/gnu/h-x86_64-mingw32/bin/../lib/gcc/nios2-elf/12.3.1/../../../../../H-x86_64-mingw32/nios2-elf/lib/mno-hw-mul\libc.a(libc_a-mprec.o)
                0x0008e8a0                _mprec_log10
 .text.__copybits
                0x0008e910       0x6c c:/intelfpga_lite/23.1std/nios2eds/bin/gnu/h-x86_64-mingw32/bin/../lib/gcc/nios2-elf/12.3.1/../../../../../H-x86_64-mingw32/nios2-elf/lib/mno-hw-mul\libc.a(libc_a-mprec.o)
                0x0008e910                __copybits
 .text.__any_on
                0x0008e97c       0x60 c:/intelfpga_lite/23.1std/nios2eds/bin/gnu/h-x86_64-mingw32/bin/../lib/gcc/nios2-elf/12.3.1/../../../../../H-x86_64-mingw32/nios2-elf/lib/mno-hw-mul\libc.a(libc_a-mprec.o)
                0x0008e97c                __any_on
 .text          0x0008e9dc        0x0 c:/intelfpga_lite/23.1std/nios2eds/bin/gnu/h-x86_64-mingw32/bin/../lib/gcc/nios2-elf/12.3.1/../../../../../H-x86_64-mingw32/nios2-elf/lib/mno-hw-mul\libc.a(libc_a-reallocr.o)
 .text._realloc_r
                0x0008e9dc      0x5ec c:/intelfpga_lite/23.1std/nios2eds/bin/gnu/h-x86_64-mingw32/bin/../lib/gcc/nios2-elf/12.3.1/../../../../../H-x86_64-mingw32/nios2-elf/lib/mno-hw-mul\libc.a(libc_a-reallocr.o)
                0x0008e9dc                _realloc_r
 .text          0x0008efc8        0x0 c:/intelfpga_lite/23.1std/nios2eds/bin/gnu/h-x86_64-mingw32/bin/../lib/gcc/nios2-elf/12.3.1/../../../../../H-x86_64-mingw32/nios2-elf/lib/mno-hw-mul\libc.a(libc_a-wctomb_r.o)
 .text._wctomb_r
                0x0008efc8        0xc c:/intelfpga_lite/23.1std/nios2eds/bin/gnu/h-x86_64-mingw32/bin/../lib/gcc/nios2-elf/12.3.1/../../../../../H-x86_64-mingw32/nios2-elf/lib/mno-hw-mul\libc.a(libc_a-wctomb_r.o)
                0x0008efc8                _wctomb_r
 .text.__ascii_wctomb
                0x0008efd4       0x30 c:/intelfpga_lite/23.1std/nios2eds/bin/gnu/h-x86_64-mingw32/bin/../lib/gcc/nios2-elf/12.3.1/../../../../../H-x86_64-mingw32/nios2-elf/lib/mno-hw-mul\libc.a(libc_a-wctomb_r.o)
                0x0008efd4                __ascii_wctomb
 .text          0x0008f004        0x0 c:/intelfpga_lite/23.1std/nios2eds/bin/gnu/h-x86_64-mingw32/bin/../lib/gcc/nios2-elf/12.3.1/../../../../../H-x86_64-mingw32/nios2-elf/lib/mno-hw-mul\libc.a(libc_a-wcrtomb.o)
 .text._wcrtomb_r
                0x0008f004       0x6c c:/intelfpga_lite/23.1std/nios2eds/bin/gnu/h-x86_64-mingw32/bin/../lib/gcc/nios2-elf/12.3.1/../../../../../H-x86_64-mingw32/nios2-elf/lib/mno-hw-mul\libc.a(libc_a-wcrtomb.o)
                0x0008f004                _wcrtomb_r
 .text.wcrtomb  0x0008f070       0x88 c:/intelfpga_lite/23.1std/nios2eds/bin/gnu/h-x86_64-mingw32/bin/../lib/gcc/nios2-elf/12.3.1/../../../../../H-x86_64-mingw32/nios2-elf/lib/mno-hw-mul\libc.a(libc_a-wcrtomb.o)
                0x0008f070                wcrtomb
 .text          0x0008f0f8        0x0 c:/intelfpga_lite/23.1std/nios2eds/bin/gnu/h-x86_64-mingw32/bin/../lib/gcc/nios2-elf/12.3.1/../../../../../H-x86_64-mingw32/nios2-elf/lib/mno-hw-mul\libc.a(libc_a-ctype_.o)
 .text          0x0008f0f8        0x0 c:/intelfpga_lite/23.1std/nios2eds/bin/gnu/h-x86_64-mingw32/bin/../lib/gcc/nios2-elf/12.3.1/../../../../../H-x86_64-mingw32/nios2-elf/lib/mno-hw-mul\libc.a(libc_a-fclose.o)
 .text._fclose_r
                0x0008f0f8       0xf0 c:/intelfpga_lite/23.1std/nios2eds/bin/gnu/h-x86_64-mingw32/bin/../lib/gcc/nios2-elf/12.3.1/../../../../../H-x86_64-mingw32/nios2-elf/lib/mno-hw-mul\libc.a(libc_a-fclose.o)
                0x0008f0f8                _fclose_r
 .text.fclose   0x0008f1e8       0x10 c:/intelfpga_lite/23.1std/nios2eds/bin/gnu/h-x86_64-mingw32/bin/../lib/gcc/nios2-elf/12.3.1/../../../../../H-x86_64-mingw32/nios2-elf/lib/mno-hw-mul\libc.a(libc_a-fclose.o)
                0x0008f1e8                fclose
 .text          0x0008f1f8        0x0 c:/intelfpga_lite/23.1std/nios2eds/bin/gnu/h-x86_64-mingw32/bin/../lib/gcc/nios2-elf/12.3.1/../../../../../H-x86_64-mingw32/nios2-elf/lib/mno-hw-mul\libc.a(libc_a-makebuf.o)
 .text.__smakebuf_r
                0x0008f1f8      0x1a8 c:/intelfpga_lite/23.1std/nios2eds/bin/gnu/h-x86_64-mingw32/bin/../lib/gcc/nios2-elf/12.3.1/../../../../../H-x86_64-mingw32/nios2-elf/lib/mno-hw-mul\libc.a(libc_a-makebuf.o)
                0x0008f1f8                __smakebuf_r
 .text.__swhatbuf_r
                0x0008f3a0       0x8c c:/intelfpga_lite/23.1std/nios2eds/bin/gnu/h-x86_64-mingw32/bin/../lib/gcc/nios2-elf/12.3.1/../../../../../H-x86_64-mingw32/nios2-elf/lib/mno-hw-mul\libc.a(libc_a-makebuf.o)
                0x0008f3a0                __swhatbuf_r
 .text          0x0008f42c        0x0 c:/intelfpga_lite/23.1std/nios2eds/bin/gnu/h-x86_64-mingw32/bin/../lib/gcc/nios2-elf/12.3.1/../../../../../H-x86_64-mingw32/nios2-elf/lib/mno-hw-mul\libc.a(libc_a-wbuf.o)
 .text.__swbuf_r
                0x0008f42c      0x148 c:/intelfpga_lite/23.1std/nios2eds/bin/gnu/h-x86_64-mingw32/bin/../lib/gcc/nios2-elf/12.3.1/../../../../../H-x86_64-mingw32/nios2-elf/lib/mno-hw-mul\libc.a(libc_a-wbuf.o)
                0x0008f42c                __swbuf_r
 .text.__swbuf  0x0008f574       0x18 c:/intelfpga_lite/23.1std/nios2eds/bin/gnu/h-x86_64-mingw32/bin/../lib/gcc/nios2-elf/12.3.1/../../../../../H-x86_64-mingw32/nios2-elf/lib/mno-hw-mul\libc.a(libc_a-wbuf.o)
                0x0008f574                __swbuf
 .text          0x0008f58c        0x0 c:/intelfpga_lite/23.1std/nios2eds/bin/gnu/h-x86_64-mingw32/bin/../lib/gcc/nios2-elf/12.3.1/../../../../../H-x86_64-mingw32/nios2-elf/lib/mno-hw-mul\libc.a(libc_a-strcmp.o)
 .text.strcmp   0x0008f58c       0xb8 c:/intelfpga_lite/23.1std/nios2eds/bin/gnu/h-x86_64-mingw32/bin/../lib/gcc/nios2-elf/12.3.1/../../../../../H-x86_64-mingw32/nios2-elf/lib/mno-hw-mul\libc.a(libc_a-strcmp.o)
                0x0008f58c                strcmp
 .text          0x0008f644        0x0 c:/intelfpga_lite/23.1std/nios2eds/bin/gnu/h-x86_64-mingw32/bin/../lib/gcc/nios2-elf/12.3.1/../../../../../H-x86_64-mingw32/nios2-elf/lib/mno-hw-mul\libc.a(libc_a-fstatr.o)
 .text._fstat_r
                0x0008f644       0x60 c:/intelfpga_lite/23.1std/nios2eds/bin/gnu/h-x86_64-mingw32/bin/../lib/gcc/nios2-elf/12.3.1/../../../../../H-x86_64-mingw32/nios2-elf/lib/mno-hw-mul\libc.a(libc_a-fstatr.o)
                0x0008f644                _fstat_r
 .text          0x0008f6a4        0x0 c:/intelfpga_lite/23.1std/nios2eds/bin/gnu/h-x86_64-mingw32/bin/../lib/gcc/nios2-elf/12.3.1/../../../../../H-x86_64-mingw32/nios2-elf/lib/mno-hw-mul\libc.a(libc_a-isattyr.o)
 .text._isatty_r
                0x0008f6a4       0x58 c:/intelfpga_lite/23.1std/nios2eds/bin/gnu/h-x86_64-mingw32/bin/../lib/gcc/nios2-elf/12.3.1/../../../../../H-x86_64-mingw32/nios2-elf/lib/mno-hw-mul\libc.a(libc_a-isattyr.o)
                0x0008f6a4                _isatty_r
 .text          0x0008f6fc        0x0 c:/intelfpga_lite/23.1std/nios2eds/bin/gnu/h-x86_64-mingw32/bin/../lib/gcc/nios2-elf/12.3.1/../../../../../H-x86_64-mingw32/nios2-elf/lib/mno-hw-mul\libc.a(libc_a-sbrkr.o)
 .text._sbrk_r  0x0008f6fc       0x58 c:/intelfpga_lite/23.1std/nios2eds/bin/gnu/h-x86_64-mingw32/bin/../lib/gcc/nios2-elf/12.3.1/../../../../../H-x86_64-mingw32/nios2-elf/lib/mno-hw-mul\libc.a(libc_a-sbrkr.o)
                0x0008f6fc                _sbrk_r
 .text          0x0008f754        0x0 c:/intelfpga_lite/23.1std/nios2eds/bin/gnu/h-x86_64-mingw32/bin/../lib/gcc/nios2-elf/12.3.1/../../../../../H-x86_64-mingw32/nios2-elf/lib/mno-hw-mul\libc.a(libc_a-__call_atexit.o)
 .text.__call_exitprocs
                0x0008f754      0x118 c:/intelfpga_lite/23.1std/nios2eds/bin/gnu/h-x86_64-mingw32/bin/../lib/gcc/nios2-elf/12.3.1/../../../../../H-x86_64-mingw32/nios2-elf/lib/mno-hw-mul\libc.a(libc_a-__call_atexit.o)
                0x0008f754                __call_exitprocs
 .text          0x0008f86c        0x0 c:/intelfpga_lite/23.1std/nios2eds/bin/gnu/h-x86_64-mingw32/bin/../lib/gcc/nios2-elf/12.3.1/../../../../../H-x86_64-mingw32/nios2-elf/lib/mno-hw-mul\libc.a(libc_a-assert.o)
 .text.__assert_func
                0x0008f86c       0x64 c:/intelfpga_lite/23.1std/nios2eds/bin/gnu/h-x86_64-mingw32/bin/../lib/gcc/nios2-elf/12.3.1/../../../../../H-x86_64-mingw32/nios2-elf/lib/mno-hw-mul\libc.a(libc_a-assert.o)
                0x0008f86c                __assert_func
 .text.__assert
                0x0008f8d0       0x14 c:/intelfpga_lite/23.1std/nios2eds/bin/gnu/h-x86_64-mingw32/bin/../lib/gcc/nios2-elf/12.3.1/../../../../../H-x86_64-mingw32/nios2-elf/lib/mno-hw-mul\libc.a(libc_a-assert.o)
                0x0008f8d0                __assert
 .text          0x0008f8e4        0x0 c:/intelfpga_lite/23.1std/nios2eds/bin/gnu/h-x86_64-mingw32/bin/../lib/gcc/nios2-elf/12.3.1/../../../../../H-x86_64-mingw32/nios2-elf/lib/mno-hw-mul\libc.a(libc_a-callocr.o)
 .text._calloc_r
                0x0008f8e4      0x168 c:/intelfpga_lite/23.1std/nios2eds/bin/gnu/h-x86_64-mingw32/bin/../lib/gcc/nios2-elf/12.3.1/../../../../../H-x86_64-mingw32/nios2-elf/lib/mno-hw-mul\libc.a(libc_a-callocr.o)
                0x0008f8e4                _calloc_r
 .text          0x0008fa4c        0x0 c:/intelfpga_lite/23.1std/nios2eds/bin/gnu/h-x86_64-mingw32/bin/../lib/gcc/nios2-elf/12.3.1/../../../../../H-x86_64-mingw32/nios2-elf/lib/mno-hw-mul\libc.a(libc_a-fiprintf.o)
 .text._fiprintf_r
                0x0008fa4c       0x20 c:/intelfpga_lite/23.1std/nios2eds/bin/gnu/h-x86_64-mingw32/bin/../lib/gcc/nios2-elf/12.3.1/../../../../../H-x86_64-mingw32/nios2-elf/lib/mno-hw-mul\libc.a(libc_a-fiprintf.o)
                0x0008fa4c                _fiprintf_r
 .text.fiprintf
                0x0008fa6c       0x38 c:/intelfpga_lite/23.1std/nios2eds/bin/gnu/h-x86_64-mingw32/bin/../lib/gcc/nios2-elf/12.3.1/../../../../../H-x86_64-mingw32/nios2-elf/lib/mno-hw-mul\libc.a(libc_a-fiprintf.o)
                0x0008fa6c                fiprintf
 .text          0x0008faa4        0x0 c:/intelfpga_lite/23.1std/nios2eds/bin/gnu/h-x86_64-mingw32/bin/../lib/gcc/nios2-elf/12.3.1/../../../../../H-x86_64-mingw32/nios2-elf/lib/mno-hw-mul\libc.a(libc_a-vfiprintfr_1.o)
 .text._vfiprintf_r
                0x0008faa4        0x4 c:/intelfpga_lite/23.1std/nios2eds/bin/gnu/h-x86_64-mingw32/bin/../lib/gcc/nios2-elf/12.3.1/../../../../../H-x86_64-mingw32/nios2-elf/lib/mno-hw-mul\libc.a(libc_a-vfiprintfr_1.o)
                0x0008faa4                _vfiprintf_r
 .text          0x0008faa8        0x0 c:/intelfpga_lite/23.1std/nios2eds/bin/gnu/h-x86_64-mingw32/bin/../lib/gcc/nios2-elf/12.3.1/../../../../../H-x86_64-mingw32/nios2-elf/lib/mno-hw-mul\libc.a(libc_a-errno.o)
 .text.__errno  0x0008faa8        0xc c:/intelfpga_lite/23.1std/nios2eds/bin/gnu/h-x86_64-mingw32/bin/../lib/gcc/nios2-elf/12.3.1/../../../../../H-x86_64-mingw32/nios2-elf/lib/mno-hw-mul\libc.a(libc_a-errno.o)
                0x0008faa8                __errno
 .text          0x0008fab4        0x0 c:/intelfpga_lite/23.1std/nios2eds/bin/gnu/h-x86_64-mingw32/bin/../lib/gcc/nios2-elf/12.3.1/../../../../../H-x86_64-mingw32/nios2-elf/lib/mno-hw-mul\libc.a(libc_a-abort.o)
 .text.abort    0x0008fab4       0x18 c:/intelfpga_lite/23.1std/nios2eds/bin/gnu/h-x86_64-mingw32/bin/../lib/gcc/nios2-elf/12.3.1/../../../../../H-x86_64-mingw32/nios2-elf/lib/mno-hw-mul\libc.a(libc_a-abort.o)
                0x0008fab4                abort
 .text          0x0008facc        0x0 c:/intelfpga_lite/23.1std/nios2eds/bin/gnu/h-x86_64-mingw32/bin/../lib/gcc/nios2-elf/12.3.1/../../../../../H-x86_64-mingw32/nios2-elf/lib/mno-hw-mul\libc.a(libc_a-signal.o)
 .text._init_signal_r
                0x0008facc       0x5c c:/intelfpga_lite/23.1std/nios2eds/bin/gnu/h-x86_64-mingw32/bin/../lib/gcc/nios2-elf/12.3.1/../../../../../H-x86_64-mingw32/nios2-elf/lib/mno-hw-mul\libc.a(libc_a-signal.o)
                0x0008facc                _init_signal_r
 .text._signal_r
                0x0008fb28       0x8c c:/intelfpga_lite/23.1std/nios2eds/bin/gnu/h-x86_64-mingw32/bin/../lib/gcc/nios2-elf/12.3.1/../../../../../H-x86_64-mingw32/nios2-elf/lib/mno-hw-mul\libc.a(libc_a-signal.o)
                0x0008fb28                _signal_r
 .text._raise_r
                0x0008fbb4       0xb0 c:/intelfpga_lite/23.1std/nios2eds/bin/gnu/h-x86_64-mingw32/bin/../lib/gcc/nios2-elf/12.3.1/../../../../../H-x86_64-mingw32/nios2-elf/lib/mno-hw-mul\libc.a(libc_a-signal.o)
                0x0008fbb4                _raise_r
 .text.__sigtramp_r
                0x0008fc64       0xbc c:/intelfpga_lite/23.1std/nios2eds/bin/gnu/h-x86_64-mingw32/bin/../lib/gcc/nios2-elf/12.3.1/../../../../../H-x86_64-mingw32/nios2-elf/lib/mno-hw-mul\libc.a(libc_a-signal.o)
                0x0008fc64                __sigtramp_r
 .text.raise    0x0008fd20       0xb4 c:/intelfpga_lite/23.1std/nios2eds/bin/gnu/h-x86_64-mingw32/bin/../lib/gcc/nios2-elf/12.3.1/../../../../../H-x86_64-mingw32/nios2-elf/lib/mno-hw-mul\libc.a(libc_a-signal.o)
                0x0008fd20                raise
 .text.signal   0x0008fdd4       0x98 c:/intelfpga_lite/23.1std/nios2eds/bin/gnu/h-x86_64-mingw32/bin/../lib/gcc/nios2-elf/12.3.1/../../../../../H-x86_64-mingw32/nios2-elf/lib/mno-hw-mul\libc.a(libc_a-signal.o)
                0x0008fdd4                signal
 .text._init_signal
                0x0008fe6c       0x60 c:/intelfpga_lite/23.1std/nios2eds/bin/gnu/h-x86_64-mingw32/bin/../lib/gcc/nios2-elf/12.3.1/../../../../../H-x86_64-mingw32/nios2-elf/lib/mno-hw-mul\libc.a(libc_a-signal.o)
                0x0008fe6c                _init_signal
 .text.__sigtramp
                0x0008fecc       0xbc c:/intelfpga_lite/23.1std/nios2eds/bin/gnu/h-x86_64-mingw32/bin/../lib/gcc/nios2-elf/12.3.1/../../../../../H-x86_64-mingw32/nios2-elf/lib/mno-hw-mul\libc.a(libc_a-signal.o)
                0x0008fecc                __sigtramp
 .text          0x0008ff88        0x0 c:/intelfpga_lite/23.1std/nios2eds/bin/gnu/h-x86_64-mingw32/bin/../lib/gcc/nios2-elf/12.3.1/../../../../../H-x86_64-mingw32/nios2-elf/lib/mno-hw-mul\libc.a(libc_a-signalr.o)
 .text._kill_r  0x0008ff88       0x60 c:/intelfpga_lite/23.1std/nios2eds/bin/gnu/h-x86_64-mingw32/bin/../lib/gcc/nios2-elf/12.3.1/../../../../../H-x86_64-mingw32/nios2-elf/lib/mno-hw-mul\libc.a(libc_a-signalr.o)
                0x0008ff88                _kill_r
 .text._getpid_r
                0x0008ffe8        0x4 c:/intelfpga_lite/23.1std/nios2eds/bin/gnu/h-x86_64-mingw32/bin/../lib/gcc/nios2-elf/12.3.1/../../../../../H-x86_64-mingw32/nios2-elf/lib/mno-hw-mul\libc.a(libc_a-signalr.o)
                0x0008ffe8                _getpid_r
 .text          0x0008ffec      0x104 c:/intelfpga_lite/23.1std/nios2eds/bin/gnu/h-x86_64-mingw32/bin/../lib/gcc/nios2-elf/12.3.1/mno-hw-mul\libgcc.a(_muldi3.o)
                0x0008ffec                __muldi3
 .text          0x000900f0      0x5d8 c:/intelfpga_lite/23.1std/nios2eds/bin/gnu/h-x86_64-mingw32/bin/../lib/gcc/nios2-elf/12.3.1/mno-hw-mul\libgcc.a(_udivdi3.o)
                0x000900f0                __udivdi3
 .text          0x000906c8      0x55c c:/intelfpga_lite/23.1std/nios2eds/bin/gnu/h-x86_64-mingw32/bin/../lib/gcc/nios2-elf/12.3.1/mno-hw-mul\libgcc.a(_umoddi3.o)
                0x000906c8                __umoddi3
 .text          0x00090c24       0xf8 c:/intelfpga_lite/23.1std/nios2eds/bin/gnu/h-x86_64-mingw32/bin/../lib/gcc/nios2-elf/12.3.1/mno-hw-mul\libgcc.a(ledf2.o)
                0x00090c24                __ledf2
                0x00090c24                __ltdf2
 .text          0x00090d1c       0x54 c:/intelfpga_lite/23.1std/nios2eds/bin/gnu/h-x86_64-mingw32/bin/../lib/gcc/nios2-elf/12.3.1/mno-hw-mul\libgcc.a(unorddf2.o)
                0x00090d1c                __unorddf2
 .text          0x00090d70       0x90 c:/intelfpga_lite/23.1std/nios2eds/bin/gnu/h-x86_64-mingw32/bin/../lib/gcc/nios2-elf/12.3.1/mno-hw-mul\libgcc.a(floatunsidf.o)
                0x00090d70                __floatunsidf
 .text          0x00090e00       0xbc c:/Users/arlow/Downloads/DSD_CW/DE1-SoC/system_template_de1_soc/software/hello_world_custom_instr_bsp/\libhal_bsp.a(alt_close.o)
                0x00090e00                close
 .text          0x00090ebc        0x8 c:/Users/arlow/Downloads/DSD_CW/DE1-SoC/system_template_de1_soc/software/hello_world_custom_instr_bsp/\libhal_bsp.a(alt_dev.o)
 .text          0x00090ec4        0x0 c:/Users/arlow/Downloads/DSD_CW/DE1-SoC/system_template_de1_soc/software/hello_world_custom_instr_bsp/\libhal_bsp.a(alt_errno.o)
 .text          0x00090ec4       0x14 c:/Users/arlow/Downloads/DSD_CW/DE1-SoC/system_template_de1_soc/software/hello_world_custom_instr_bsp/\libhal_bsp.a(alt_exit.o)
                0x00090ec4                _exit
 .text          0x00090ed8       0x80 c:/Users/arlow/Downloads/DSD_CW/DE1-SoC/system_template_de1_soc/software/hello_world_custom_instr_bsp/\libhal_bsp.a(alt_fstat.o)
                0x00090ed8                fstat
 .text          0x00090f58        0x8 c:/Users/arlow/Downloads/DSD_CW/DE1-SoC/system_template_de1_soc/software/hello_world_custom_instr_bsp/\libhal_bsp.a(alt_getpid.o)
                0x00090f58                getpid
 .text          0x00090f60       0x8c c:/Users/arlow/Downloads/DSD_CW/DE1-SoC/system_template_de1_soc/software/hello_world_custom_instr_bsp/\libhal_bsp.a(alt_isatty.o)
                0x00090f60                isatty
 .text          0x00090fec       0x94 c:/Users/arlow/Downloads/DSD_CW/DE1-SoC/system_template_de1_soc/software/hello_world_custom_instr_bsp/\libhal_bsp.a(alt_kill.o)
                0x00090fec                kill
 .text          0x00091080       0x90 c:/Users/arlow/Downloads/DSD_CW/DE1-SoC/system_template_de1_soc/software/hello_world_custom_instr_bsp/\libhal_bsp.a(alt_load.o)
                0x00091080                alt_load
 .text          0x00091110       0x80 c:/Users/arlow/Downloads/DSD_CW/DE1-SoC/system_template_de1_soc/software/hello_world_custom_instr_bsp/\libhal_bsp.a(alt_lseek.o)
                0x00091110                lseek
 .text          0x00091190       0x50 c:/Users/arlow/Downloads/DSD_CW/DE1-SoC/system_template_de1_soc/software/hello_world_custom_instr_bsp/\libhal_bsp.a(alt_main.o)
                0x00091190                alt_main
 .text          0x000911e0        0x8 c:/Users/arlow/Downloads/DSD_CW/DE1-SoC/system_template_de1_soc/software/hello_world_custom_instr_bsp/\libhal_bsp.a(alt_malloc_lock.o)
                0x000911e0                __malloc_lock
                0x000911e4                __malloc_unlock
 .text          0x000911e8       0xcc c:/Users/arlow/Downloads/DSD_CW/DE1-SoC/system_template_de1_soc/software/hello_world_custom_instr_bsp/\libhal_bsp.a(alt_read.o)
                0x000911e8                read
 .text          0x000912b4       0x2c c:/Users/arlow/Downloads/DSD_CW/DE1-SoC/system_template_de1_soc/software/hello_world_custom_instr_bsp/\libhal_bsp.a(alt_release_fd.o)
                0x000912b4                alt_release_fd
 .text          0x000912e0       0x4c c:/Users/arlow/Downloads/DSD_CW/DE1-SoC/system_template_de1_soc/software/hello_world_custom_instr_bsp/\libhal_bsp.a(alt_sbrk.o)
                0x000912e0                sbrk
 .text          0x0009132c       0x64 c:/Users/arlow/Downloads/DSD_CW/DE1-SoC/system_template_de1_soc/software/hello_world_custom_instr_bsp/\libhal_bsp.a(alt_times.o)
                0x0009132c                times
 .text          0x00091390       0xc8 c:/Users/arlow/Downloads/DSD_CW/DE1-SoC/system_template_de1_soc/software/hello_world_custom_instr_bsp/\libhal_bsp.a(alt_write.o)
                0x00091390                write
 .text          0x00091458       0x58 c:/Users/arlow/Downloads/DSD_CW/DE1-SoC/system_template_de1_soc/software/hello_world_custom_instr_bsp/\libhal_bsp.a(alt_sys_init.o)
                0x00091458                alt_irq_init
                0x00091478                alt_sys_init
 .text          0x000914b0       0x20 c:/Users/arlow/Downloads/DSD_CW/DE1-SoC/system_template_de1_soc/software/hello_world_custom_instr_bsp/\libhal_bsp.a(altera_avalon_jtag_uart_fd.o)
                0x000914b0                altera_avalon_jtag_uart_read_fd
                0x000914c0                altera_avalon_jtag_uart_write_fd
 .text          0x000914d0       0x58 c:/Users/arlow/Downloads/DSD_CW/DE1-SoC/system_template_de1_soc/software/hello_world_custom_instr_bsp/\libhal_bsp.a(altera_avalon_jtag_uart_read.o)
                0x000914d0                altera_avalon_jtag_uart_read
 .text          0x00091528       0x30 c:/Users/arlow/Downloads/DSD_CW/DE1-SoC/system_template_de1_soc/software/hello_world_custom_instr_bsp/\libhal_bsp.a(altera_avalon_jtag_uart_write.o)
                0x00091528                altera_avalon_jtag_uart_write
 .text          0x00091558       0x84 c:/Users/arlow/Downloads/DSD_CW/DE1-SoC/system_template_de1_soc/software/hello_world_custom_instr_bsp/\libhal_bsp.a(altera_avalon_timer_sc.o)
                0x00091594                alt_avalon_timer_sc_init
 .text          0x000915dc       0x18 c:/Users/arlow/Downloads/DSD_CW/DE1-SoC/system_template_de1_soc/software/hello_world_custom_instr_bsp/\libhal_bsp.a(alt_dcache_flush_all.o)
                0x000915dc                alt_dcache_flush_all
 .text          0x000915f4       0x68 c:/Users/arlow/Downloads/DSD_CW/DE1-SoC/system_template_de1_soc/software/hello_world_custom_instr_bsp/\libhal_bsp.a(alt_dev_llist_insert.o)
                0x000915f4                alt_dev_llist_insert
 .text          0x0009165c        0xc c:/Users/arlow/Downloads/DSD_CW/DE1-SoC/system_template_de1_soc/software/hello_world_custom_instr_bsp/\libhal_bsp.a(alt_icache_flush_all.o)
                0x0009165c                alt_icache_flush_all
 .text          0x00091668       0x8c c:/Users/arlow/Downloads/DSD_CW/DE1-SoC/system_template_de1_soc/software/hello_world_custom_instr_bsp/\libhal_bsp.a(alt_iic.o)
                0x00091668                alt_ic_isr_register
                0x0009166c                alt_ic_irq_enable
                0x000916a4                alt_ic_irq_disable
                0x000916dc                alt_ic_irq_enabled
 .text          0x000916f4       0x68 c:/Users/arlow/Downloads/DSD_CW/DE1-SoC/system_template_de1_soc/software/hello_world_custom_instr_bsp/\libhal_bsp.a(alt_iic_isr_register.o)
                0x000916f4                alt_iic_isr_register
 .text          0x0009175c      0x120 c:/Users/arlow/Downloads/DSD_CW/DE1-SoC/system_template_de1_soc/software/hello_world_custom_instr_bsp/\libhal_bsp.a(alt_io_redirect.o)
                0x0009175c                alt_io_redirect
 .text          0x0009187c        0x0 c:/Users/arlow/Downloads/DSD_CW/DE1-SoC/system_template_de1_soc/software/hello_world_custom_instr_bsp/\libhal_bsp.a(alt_irq_entry.o)
 .text          0x0009187c        0x0 c:/Users/arlow/Downloads/DSD_CW/DE1-SoC/system_template_de1_soc/software/hello_world_custom_instr_bsp/\libhal_bsp.a(alt_irq_handler.o)
 .text          0x0009187c        0x0 c:/Users/arlow/Downloads/DSD_CW/DE1-SoC/system_template_de1_soc/software/hello_world_custom_instr_bsp/\libhal_bsp.a(alt_irq_vars.o)
 .text          0x0009187c      0x170 c:/Users/arlow/Downloads/DSD_CW/DE1-SoC/system_template_de1_soc/software/hello_world_custom_instr_bsp/\libhal_bsp.a(alt_open.o)
                0x0009187c                open
 .text          0x000919ec      0x114 c:/Users/arlow/Downloads/DSD_CW/DE1-SoC/system_template_de1_soc/software/hello_world_custom_instr_bsp/\libhal_bsp.a(alt_tick.o)
                0x000919ec                alt_alarm_stop
                0x00091a1c                alt_tick
 .text          0x00091b00        0x8 c:/Users/arlow/Downloads/DSD_CW/DE1-SoC/system_template_de1_soc/software/hello_world_custom_instr_bsp/\libhal_bsp.a(altera_nios2_gen2_irq.o)
                0x00091b00                altera_nios2_gen2_irq_init
 .text          0x00091b08        0x0 c:/Users/arlow/Downloads/DSD_CW/DE1-SoC/system_template_de1_soc/software/hello_world_custom_instr_bsp/\libhal_bsp.a(alt_exception_entry.o)
 .text          0x00091b08       0x78 c:/Users/arlow/Downloads/DSD_CW/DE1-SoC/system_template_de1_soc/software/hello_world_custom_instr_bsp/\libhal_bsp.a(alt_find_dev.o)
                0x00091b08                alt_find_dev
 .text          0x00091b80       0x9c c:/Users/arlow/Downloads/DSD_CW/DE1-SoC/system_template_de1_soc/software/hello_world_custom_instr_bsp/\libhal_bsp.a(alt_find_file.o)
                0x00091b80                alt_find_file
 .text          0x00091c1c       0x58 c:/Users/arlow/Downloads/DSD_CW/DE1-SoC/system_template_de1_soc/software/hello_world_custom_instr_bsp/\libhal_bsp.a(alt_get_fd.o)
                0x00091c1c                alt_get_fd
 .text          0x00091c74       0x4c c:/Users/arlow/Downloads/DSD_CW/DE1-SoC/system_template_de1_soc/software/hello_world_custom_instr_bsp/\libhal_bsp.a(alt_icache_flush.o)
                0x00091c74                alt_icache_flush
 .text          0x00091cc0       0x24 c:/Users/arlow/Downloads/DSD_CW/DE1-SoC/system_template_de1_soc/software/hello_world_custom_instr_bsp/\libhal_bsp.a(alt_instruction_exception_entry.o)
                0x00091cc0                alt_exception_cause_generated_bad_addr
 .text          0x00091ce4        0x0 c:/intelfpga_lite/23.1std/nios2eds/bin/gnu/h-x86_64-mingw32/bin/../lib/gcc/nios2-elf/12.3.1/../../../../../H-x86_64-mingw32/nios2-elf/lib/mno-hw-mul\libc.a(libc_a-memcmp.o)
 .text.memcmp   0x00091ce4       0x78 c:/intelfpga_lite/23.1std/nios2eds/bin/gnu/h-x86_64-mingw32/bin/../lib/gcc/nios2-elf/12.3.1/../../../../../H-x86_64-mingw32/nios2-elf/lib/mno-hw-mul\libc.a(libc_a-memcmp.o)
                0x00091ce4                memcmp
 *(.gnu.warning.*)
 *(.fini)
                [!provide]                        PROVIDE (__etext = ABSOLUTE (.))
                [!provide]                        PROVIDE (_etext = ABSOLUTE (.))
                [!provide]                        PROVIDE (etext = ABSOLUTE (.))
 *(.eh_frame_hdr)
                0x00091d5c                        . = ALIGN (0x4)
                [!provide]                        PROVIDE (__preinit_array_start = ABSOLUTE (.))
 *(.preinit_array)
                [!provide]                        PROVIDE (__preinit_array_end = ABSOLUTE (.))
                [!provide]                        PROVIDE (__init_array_start = ABSOLUTE (.))
 *(SORT_BY_INIT_PRIORITY(.init_array.*))
 *(.init_array)
                [!provide]                        PROVIDE (__init_array_end = ABSOLUTE (.))
                [!provide]                        PROVIDE (__fini_array_start = ABSOLUTE (.))
 *(.fini_array)
                [!provide]                        PROVIDE (__fini_array_end = ABSOLUTE (.))
 *(.eh_frame)
 *(.gcc_except_table .gcc_except_table.*)
 *(.dynamic)
                [!provide]                        PROVIDE (__CTOR_LIST__ = ABSOLUTE (.))
 *(.ctors)
 *(SORT_BY_NAME(.ctors.*))
                [!provide]                        PROVIDE (__CTOR_END__ = ABSOLUTE (.))
                [!provide]                        PROVIDE (__DTOR_LIST__ = ABSOLUTE (.))
 *(.dtors)
 *(SORT_BY_NAME(.dtors.*))
                [!provide]                        PROVIDE (__DTOR_END__ = ABSOLUTE (.))
 *(.jcr)
                0x00091d5c                        . = ALIGN (0x4)

.rodata         0x00091d5c      0x924
                0x00091d5c                        PROVIDE (__ram_rodata_start = ABSOLUTE (.))
                0x00091d5c                        . = ALIGN (0x4)
 *(.rodata .rodata.* .gnu.linkonce.r.*)
 .rodata        0x00091d5c      0x11a obj/default/hello_world.o
 *fill*         0x00091e76        0x2 
 .rodata.npio2_hw
                0x00091e78       0x80 c:/intelfpga_lite/23.1std/nios2eds/bin/gnu/h-x86_64-mingw32/bin/../lib/gcc/nios2-elf/12.3.1/../../../../../H-x86_64-mingw32/nios2-elf/lib/mno-hw-mul\libm.a(libm_a-e_rem_pio2.o)
 .rodata.two_over_pi
                0x00091ef8      0x108 c:/intelfpga_lite/23.1std/nios2eds/bin/gnu/h-x86_64-mingw32/bin/../lib/gcc/nios2-elf/12.3.1/../../../../../H-x86_64-mingw32/nios2-elf/lib/mno-hw-mul\libm.a(libm_a-e_rem_pio2.o)
 .rodata.PIo2   0x00092000       0x40 c:/intelfpga_lite/23.1std/nios2eds/bin/gnu/h-x86_64-mingw32/bin/../lib/gcc/nios2-elf/12.3.1/../../../../../H-x86_64-mingw32/nios2-elf/lib/mno-hw-mul\libm.a(libm_a-k_rem_pio2.o)
 .rodata.init_jk
                0x00092040       0x10 c:/intelfpga_lite/23.1std/nios2eds/bin/gnu/h-x86_64-mingw32/bin/../lib/gcc/nios2-elf/12.3.1/../../../../../H-x86_64-mingw32/nios2-elf/lib/mno-hw-mul\libm.a(libm_a-k_rem_pio2.o)
 .rodata        0x00092050      0x100 c:/intelfpga_lite/23.1std/nios2eds/bin/gnu/h-x86_64-mingw32/bin/../lib/gcc/nios2-elf/12.3.1/mno-hw-mul\libgcc.a(_clz.o)
                0x00092050                __clz_tab
 .rodata._puts_r.str1.4
                0x00092150        0x2 c:/intelfpga_lite/23.1std/nios2eds/bin/gnu/h-x86_64-mingw32/bin/../lib/gcc/nios2-elf/12.3.1/../../../../../H-x86_64-mingw32/nios2-elf/lib/mno-hw-mul\libc.a(libc_a-puts.o)
 *fill*         0x00092152        0x2 
 .rodata.___vfprintf_internal_r.str1.4
                0x00092154       0x42 c:/intelfpga_lite/23.1std/nios2eds/bin/gnu/h-x86_64-mingw32/bin/../lib/gcc/nios2-elf/12.3.1/../../../../../H-x86_64-mingw32/nios2-elf/lib/mno-hw-mul\libc.a(libc_a-vfprintf.o)
 *fill*         0x00092196        0x2 
 .rodata.zeroes.0
                0x00092198       0x10 c:/intelfpga_lite/23.1std/nios2eds/bin/gnu/h-x86_64-mingw32/bin/../lib/gcc/nios2-elf/12.3.1/../../../../../H-x86_64-mingw32/nios2-elf/lib/mno-hw-mul\libc.a(libc_a-vfprintf.o)
 .rodata.blanks.1
                0x000921a8       0x10 c:/intelfpga_lite/23.1std/nios2eds/bin/gnu/h-x86_64-mingw32/bin/../lib/gcc/nios2-elf/12.3.1/../../../../../H-x86_64-mingw32/nios2-elf/lib/mno-hw-mul\libc.a(libc_a-vfprintf.o)
 .rodata.___vfiprintf_internal_r.str1.4
                0x000921b8       0x2f c:/intelfpga_lite/23.1std/nios2eds/bin/gnu/h-x86_64-mingw32/bin/../lib/gcc/nios2-elf/12.3.1/../../../../../H-x86_64-mingw32/nios2-elf/lib/mno-hw-mul\libc.a(libc_a-vfiprintf.o)
 .rodata.zeroes.0
                0x000921b8       0x10 c:/intelfpga_lite/23.1std/nios2eds/bin/gnu/h-x86_64-mingw32/bin/../lib/gcc/nios2-elf/12.3.1/../../../../../H-x86_64-mingw32/nios2-elf/lib/mno-hw-mul\libc.a(libc_a-vfiprintf.o)
 .rodata.blanks.1
                0x000921c8       0x10 c:/intelfpga_lite/23.1std/nios2eds/bin/gnu/h-x86_64-mingw32/bin/../lib/gcc/nios2-elf/12.3.1/../../../../../H-x86_64-mingw32/nios2-elf/lib/mno-hw-mul\libc.a(libc_a-vfiprintf.o)
 .rodata._setlocale_r.str1.4
                0x000921d8        0xa c:/intelfpga_lite/23.1std/nios2eds/bin/gnu/h-x86_64-mingw32/bin/../lib/gcc/nios2-elf/12.3.1/../../../../../H-x86_64-mingw32/nios2-elf/lib/mno-hw-mul\libc.a(libc_a-locale.o)
                                  0xd (size before relaxing)
 *fill*         0x000921e2        0x2 
 .rodata.str1.4
                0x000921e4        0x2 c:/intelfpga_lite/23.1std/nios2eds/bin/gnu/h-x86_64-mingw32/bin/../lib/gcc/nios2-elf/12.3.1/../../../../../H-x86_64-mingw32/nios2-elf/lib/mno-hw-mul\libc.a(libc_a-locale.o)
 *fill*         0x000921e6        0x2 
 .rodata._dtoa_r.str1.4
                0x000921e8       0x5b c:/intelfpga_lite/23.1std/nios2eds/bin/gnu/h-x86_64-mingw32/bin/../lib/gcc/nios2-elf/12.3.1/../../../../../H-x86_64-mingw32/nios2-elf/lib/mno-hw-mul\libc.a(libc_a-dtoa.o)
                                 0x5f (size before relaxing)
 *fill*         0x00092243        0x1 
 .rodata.__multadd.str1.4
                0x00092244       0x38 c:/intelfpga_lite/23.1std/nios2eds/bin/gnu/h-x86_64-mingw32/bin/../lib/gcc/nios2-elf/12.3.1/../../../../../H-x86_64-mingw32/nios2-elf/lib/mno-hw-mul\libc.a(libc_a-mprec.o)
                                 0x4c (size before relaxing)
 .rodata.p05.0  0x0009227c        0xc c:/intelfpga_lite/23.1std/nios2eds/bin/gnu/h-x86_64-mingw32/bin/../lib/gcc/nios2-elf/12.3.1/../../../../../H-x86_64-mingw32/nios2-elf/lib/mno-hw-mul\libc.a(libc_a-mprec.o)
 .rodata.__mprec_tinytens
                0x00092288       0x28 c:/intelfpga_lite/23.1std/nios2eds/bin/gnu/h-x86_64-mingw32/bin/../lib/gcc/nios2-elf/12.3.1/../../../../../H-x86_64-mingw32/nios2-elf/lib/mno-hw-mul\libc.a(libc_a-mprec.o)
                0x00092288                __mprec_tinytens
 .rodata.__mprec_bigtens
                0x000922b0       0x28 c:/intelfpga_lite/23.1std/nios2eds/bin/gnu/h-x86_64-mingw32/bin/../lib/gcc/nios2-elf/12.3.1/../../../../../H-x86_64-mingw32/nios2-elf/lib/mno-hw-mul\libc.a(libc_a-mprec.o)
                0x000922b0                __mprec_bigtens
 .rodata.__mprec_tens
                0x000922d8       0xc8 c:/intelfpga_lite/23.1std/nios2eds/bin/gnu/h-x86_64-mingw32/bin/../lib/gcc/nios2-elf/12.3.1/../../../../../H-x86_64-mingw32/nios2-elf/lib/mno-hw-mul\libc.a(libc_a-mprec.o)
                0x000922d8                __mprec_tens
 .rodata._ctype_
                0x000923a0      0x101 c:/intelfpga_lite/23.1std/nios2eds/bin/gnu/h-x86_64-mingw32/bin/../lib/gcc/nios2-elf/12.3.1/../../../../../H-x86_64-mingw32/nios2-elf/lib/mno-hw-mul\libc.a(libc_a-ctype_.o)
                0x000923a0                _ctype_
 *fill*         0x000924a1        0x3 
 .rodata._ctype_b
                0x000924a4      0x180 c:/intelfpga_lite/23.1std/nios2eds/bin/gnu/h-x86_64-mingw32/bin/../lib/gcc/nios2-elf/12.3.1/../../../../../H-x86_64-mingw32/nios2-elf/lib/mno-hw-mul\libc.a(libc_a-ctype_.o)
                0x000924a4                _ctype_b
 .rodata.__assert_func.str1.4
                0x00092624       0x3f c:/intelfpga_lite/23.1std/nios2eds/bin/gnu/h-x86_64-mingw32/bin/../lib/gcc/nios2-elf/12.3.1/../../../../../H-x86_64-mingw32/nios2-elf/lib/mno-hw-mul\libc.a(libc_a-assert.o)
                                 0x43 (size before relaxing)
 *fill*         0x00092663        0x1 
 .rodata.str1.4
                0x00092664        0xa c:/Users/arlow/Downloads/DSD_CW/DE1-SoC/system_template_de1_soc/software/hello_world_custom_instr_bsp/\libhal_bsp.a(alt_dev.o)
 *fill*         0x0009266e        0x2 
 .rodata.str1.4
                0x00092670        0xf c:/Users/arlow/Downloads/DSD_CW/DE1-SoC/system_template_de1_soc/software/hello_world_custom_instr_bsp/\libhal_bsp.a(alt_main.o)
 .rodata.str1.4
                0x0009267f        0xf c:/Users/arlow/Downloads/DSD_CW/DE1-SoC/system_template_de1_soc/software/hello_world_custom_instr_bsp/\libhal_bsp.a(alt_sys_init.o)
 *(.rodata1)
                0x00092690                        . = ALIGN (0x4)
 *fill*         0x0009267f        0x1 
                0x00092680                        PROVIDE (__ram_rodata_end = ABSOLUTE (.))
                0x00091d5c                        PROVIDE (__flash_rodata_start = LOADADDR (.rodata))

.rwdata         0x00092680      0x8a4 load address 0x00092f24
                0x00092680                        PROVIDE (__ram_rwdata_start = ABSOLUTE (.))
                0x00092680                        . = ALIGN (0x4)
 *(.got.plt)
 *(.got)
 *(.data1)
 *(.data .data.* .gnu.linkonce.d.*)
 .data          0x00092680        0x0 c:/Users/arlow/Downloads/DSD_CW/DE1-SoC/system_template_de1_soc/software/hello_world_custom_instr_bsp//obj/HAL/src/crt0.o
 .data          0x00092680        0x0 obj/default/hello_world.o
 .data          0x00092680        0x0 c:/intelfpga_lite/23.1std/nios2eds/bin/gnu/h-x86_64-mingw32/bin/../lib/gcc/nios2-elf/12.3.1/../../../../../H-x86_64-mingw32/nios2-elf/lib/mno-hw-mul\libm.a(libm_a-s_cos.o)
 .data          0x00092680        0x0 c:/intelfpga_lite/23.1std/nios2eds/bin/gnu/h-x86_64-mingw32/bin/../lib/gcc/nios2-elf/12.3.1/../../../../../H-x86_64-mingw32/nios2-elf/lib/mno-hw-mul\libm.a(libm_a-k_cos.o)
 .data          0x00092680        0x0 c:/intelfpga_lite/23.1std/nios2eds/bin/gnu/h-x86_64-mingw32/bin/../lib/gcc/nios2-elf/12.3.1/../../../../../H-x86_64-mingw32/nios2-elf/lib/mno-hw-mul\libm.a(libm_a-k_sin.o)
 .data          0x00092680        0x0 c:/intelfpga_lite/23.1std/nios2eds/bin/gnu/h-x86_64-mingw32/bin/../lib/gcc/nios2-elf/12.3.1/../../../../../H-x86_64-mingw32/nios2-elf/lib/mno-hw-mul\libm.a(libm_a-e_rem_pio2.o)
 .data          0x00092680        0x0 c:/intelfpga_lite/23.1std/nios2eds/bin/gnu/h-x86_64-mingw32/bin/../lib/gcc/nios2-elf/12.3.1/../../../../../H-x86_64-mingw32/nios2-elf/lib/mno-hw-mul\libm.a(libm_a-s_fabs.o)
 .data          0x00092680        0x0 c:/intelfpga_lite/23.1std/nios2eds/bin/gnu/h-x86_64-mingw32/bin/../lib/gcc/nios2-elf/12.3.1/../../../../../H-x86_64-mingw32/nios2-elf/lib/mno-hw-mul\libm.a(libm_a-k_rem_pio2.o)
 .data          0x00092680        0x0 c:/intelfpga_lite/23.1std/nios2eds/bin/gnu/h-x86_64-mingw32/bin/../lib/gcc/nios2-elf/12.3.1/../../../../../H-x86_64-mingw32/nios2-elf/lib/mno-hw-mul\libm.a(libm_a-s_floor.o)
 .data          0x00092680        0x0 c:/intelfpga_lite/23.1std/nios2eds/bin/gnu/h-x86_64-mingw32/bin/../lib/gcc/nios2-elf/12.3.1/../../../../../H-x86_64-mingw32/nios2-elf/lib/mno-hw-mul\libm.a(libm_a-s_scalbn.o)
 .data          0x00092680        0x0 c:/intelfpga_lite/23.1std/nios2eds/bin/gnu/h-x86_64-mingw32/bin/../lib/gcc/nios2-elf/12.3.1/mno-hw-mul\libgcc.a(lib2-divmod.o)
 .data          0x00092680        0x0 c:/intelfpga_lite/23.1std/nios2eds/bin/gnu/h-x86_64-mingw32/bin/../lib/gcc/nios2-elf/12.3.1/mno-hw-mul\libgcc.a(addsf3.o)
 .data          0x00092680        0x0 c:/intelfpga_lite/23.1std/nios2eds/bin/gnu/h-x86_64-mingw32/bin/../lib/gcc/nios2-elf/12.3.1/mno-hw-mul\libgcc.a(divsf3.o)
 .data          0x00092680        0x0 c:/intelfpga_lite/23.1std/nios2eds/bin/gnu/h-x86_64-mingw32/bin/../lib/gcc/nios2-elf/12.3.1/mno-hw-mul\libgcc.a(gesf2.o)
 .data          0x00092680        0x0 c:/intelfpga_lite/23.1std/nios2eds/bin/gnu/h-x86_64-mingw32/bin/../lib/gcc/nios2-elf/12.3.1/mno-hw-mul\libgcc.a(mulsf3.o)
 .data          0x00092680        0x0 c:/intelfpga_lite/23.1std/nios2eds/bin/gnu/h-x86_64-mingw32/bin/../lib/gcc/nios2-elf/12.3.1/mno-hw-mul\libgcc.a(floatsisf.o)
 .data          0x00092680        0x0 c:/intelfpga_lite/23.1std/nios2eds/bin/gnu/h-x86_64-mingw32/bin/../lib/gcc/nios2-elf/12.3.1/mno-hw-mul\libgcc.a(adddf3.o)
 .data          0x00092680        0x0 c:/intelfpga_lite/23.1std/nios2eds/bin/gnu/h-x86_64-mingw32/bin/../lib/gcc/nios2-elf/12.3.1/mno-hw-mul\libgcc.a(divdf3.o)
 .data          0x00092680        0x0 c:/intelfpga_lite/23.1std/nios2eds/bin/gnu/h-x86_64-mingw32/bin/../lib/gcc/nios2-elf/12.3.1/mno-hw-mul\libgcc.a(eqdf2.o)
 .data          0x00092680        0x0 c:/intelfpga_lite/23.1std/nios2eds/bin/gnu/h-x86_64-mingw32/bin/../lib/gcc/nios2-elf/12.3.1/mno-hw-mul\libgcc.a(gedf2.o)
 .data          0x00092680        0x0 c:/intelfpga_lite/23.1std/nios2eds/bin/gnu/h-x86_64-mingw32/bin/../lib/gcc/nios2-elf/12.3.1/mno-hw-mul\libgcc.a(muldf3.o)
 .data          0x00092680        0x0 c:/intelfpga_lite/23.1std/nios2eds/bin/gnu/h-x86_64-mingw32/bin/../lib/gcc/nios2-elf/12.3.1/mno-hw-mul\libgcc.a(subdf3.o)
 .data          0x00092680        0x0 c:/intelfpga_lite/23.1std/nios2eds/bin/gnu/h-x86_64-mingw32/bin/../lib/gcc/nios2-elf/12.3.1/mno-hw-mul\libgcc.a(fixdfsi.o)
 .data          0x00092680        0x0 c:/intelfpga_lite/23.1std/nios2eds/bin/gnu/h-x86_64-mingw32/bin/../lib/gcc/nios2-elf/12.3.1/mno-hw-mul\libgcc.a(floatsidf.o)
 .data          0x00092680        0x0 c:/intelfpga_lite/23.1std/nios2eds/bin/gnu/h-x86_64-mingw32/bin/../lib/gcc/nios2-elf/12.3.1/mno-hw-mul\libgcc.a(extendsfdf2.o)
 .data          0x00092680        0x0 c:/intelfpga_lite/23.1std/nios2eds/bin/gnu/h-x86_64-mingw32/bin/../lib/gcc/nios2-elf/12.3.1/mno-hw-mul\libgcc.a(_clzsi2.o)
 .data          0x00092680        0x0 c:/intelfpga_lite/23.1std/nios2eds/bin/gnu/h-x86_64-mingw32/bin/../lib/gcc/nios2-elf/12.3.1/mno-hw-mul\libgcc.a(lib2-mul.o)
 .data          0x00092680        0x0 c:/intelfpga_lite/23.1std/nios2eds/bin/gnu/h-x86_64-mingw32/bin/../lib/gcc/nios2-elf/12.3.1/mno-hw-mul\libgcc.a(_clz.o)
 .data          0x00092680        0x0 c:/intelfpga_lite/23.1std/nios2eds/bin/gnu/h-x86_64-mingw32/bin/../lib/gcc/nios2-elf/12.3.1/../../../../../H-x86_64-mingw32/nios2-elf/lib/mno-hw-mul\libc.a(libc_a-rand.o)
 .data          0x00092680        0x0 c:/intelfpga_lite/23.1std/nios2eds/bin/gnu/h-x86_64-mingw32/bin/../lib/gcc/nios2-elf/12.3.1/../../../../../H-x86_64-mingw32/nios2-elf/lib/mno-hw-mul\libc.a(libc_a-printf.o)
 .data          0x00092680        0x0 c:/intelfpga_lite/23.1std/nios2eds/bin/gnu/h-x86_64-mingw32/bin/../lib/gcc/nios2-elf/12.3.1/../../../../../H-x86_64-mingw32/nios2-elf/lib/mno-hw-mul\libc.a(libc_a-puts.o)
 .data          0x00092680        0x0 c:/intelfpga_lite/23.1std/nios2eds/bin/gnu/h-x86_64-mingw32/bin/../lib/gcc/nios2-elf/12.3.1/../../../../../H-x86_64-mingw32/nios2-elf/lib/mno-hw-mul\libc.a(libc_a-strlen.o)
 .data          0x00092680        0x0 c:/intelfpga_lite/23.1std/nios2eds/bin/gnu/h-x86_64-mingw32/bin/../lib/gcc/nios2-elf/12.3.1/../../../../../H-x86_64-mingw32/nios2-elf/lib/mno-hw-mul\libc.a(libc_a-impure.o)
 .data._impure_data
                0x00092680      0x11c c:/intelfpga_lite/23.1std/nios2eds/bin/gnu/h-x86_64-mingw32/bin/../lib/gcc/nios2-elf/12.3.1/../../../../../H-x86_64-mingw32/nios2-elf/lib/mno-hw-mul\libc.a(libc_a-impure.o)
                0x00092680                _impure_data
 .data          0x0009279c        0x0 c:/intelfpga_lite/23.1std/nios2eds/bin/gnu/h-x86_64-mingw32/bin/../lib/gcc/nios2-elf/12.3.1/../../../../../H-x86_64-mingw32/nios2-elf/lib/mno-hw-mul\libc.a(libc_a-vfprintf.o)
 .data          0x0009279c        0x0 c:/intelfpga_lite/23.1std/nios2eds/bin/gnu/h-x86_64-mingw32/bin/../lib/gcc/nios2-elf/12.3.1/../../../../../H-x86_64-mingw32/nios2-elf/lib/mno-hw-mul\libc.a(libc_a-vfiprintf.o)
 .data          0x0009279c        0x0 c:/intelfpga_lite/23.1std/nios2eds/bin/gnu/h-x86_64-mingw32/bin/../lib/gcc/nios2-elf/12.3.1/../../../../../H-x86_64-mingw32/nios2-elf/lib/mno-hw-mul\libc.a(libc_a-fflush.o)
 .data          0x0009279c        0x0 c:/intelfpga_lite/23.1std/nios2eds/bin/gnu/h-x86_64-mingw32/bin/../lib/gcc/nios2-elf/12.3.1/../../../../../H-x86_64-mingw32/nios2-elf/lib/mno-hw-mul\libc.a(libc_a-findfp.o)
 .data.__sglue  0x0009279c        0xc c:/intelfpga_lite/23.1std/nios2eds/bin/gnu/h-x86_64-mingw32/bin/../lib/gcc/nios2-elf/12.3.1/../../../../../H-x86_64-mingw32/nios2-elf/lib/mno-hw-mul\libc.a(libc_a-findfp.o)
                0x0009279c                __sglue
 .data          0x000927a8        0x0 c:/intelfpga_lite/23.1std/nios2eds/bin/gnu/h-x86_64-mingw32/bin/../lib/gcc/nios2-elf/12.3.1/../../../../../H-x86_64-mingw32/nios2-elf/lib/mno-hw-mul\libc.a(libc_a-fvwrite.o)
 .data          0x000927a8        0x0 c:/intelfpga_lite/23.1std/nios2eds/bin/gnu/h-x86_64-mingw32/bin/../lib/gcc/nios2-elf/12.3.1/../../../../../H-x86_64-mingw32/nios2-elf/lib/mno-hw-mul\libc.a(libc_a-fwalk.o)
 .data          0x000927a8        0x0 c:/intelfpga_lite/23.1std/nios2eds/bin/gnu/h-x86_64-mingw32/bin/../lib/gcc/nios2-elf/12.3.1/../../../../../H-x86_64-mingw32/nios2-elf/lib/mno-hw-mul\libc.a(libc_a-stdio.o)
 .data          0x000927a8        0x0 c:/intelfpga_lite/23.1std/nios2eds/bin/gnu/h-x86_64-mingw32/bin/../lib/gcc/nios2-elf/12.3.1/../../../../../H-x86_64-mingw32/nios2-elf/lib/mno-hw-mul\libc.a(libc_a-wsetup.o)
 .data          0x000927a8        0x0 c:/intelfpga_lite/23.1std/nios2eds/bin/gnu/h-x86_64-mingw32/bin/../lib/gcc/nios2-elf/12.3.1/../../../../../H-x86_64-mingw32/nios2-elf/lib/mno-hw-mul\libc.a(libc_a-fputwc.o)
 .data          0x000927a8        0x0 c:/intelfpga_lite/23.1std/nios2eds/bin/gnu/h-x86_64-mingw32/bin/../lib/gcc/nios2-elf/12.3.1/../../../../../H-x86_64-mingw32/nios2-elf/lib/mno-hw-mul\libc.a(libc_a-memchr.o)
 .data          0x000927a8        0x0 c:/intelfpga_lite/23.1std/nios2eds/bin/gnu/h-x86_64-mingw32/bin/../lib/gcc/nios2-elf/12.3.1/../../../../../H-x86_64-mingw32/nios2-elf/lib/mno-hw-mul\libc.a(libc_a-memcpy.o)
 .data          0x000927a8        0x0 c:/intelfpga_lite/23.1std/nios2eds/bin/gnu/h-x86_64-mingw32/bin/../lib/gcc/nios2-elf/12.3.1/../../../../../H-x86_64-mingw32/nios2-elf/lib/mno-hw-mul\libc.a(libc_a-memmove.o)
 .data          0x000927a8        0x0 c:/intelfpga_lite/23.1std/nios2eds/bin/gnu/h-x86_64-mingw32/bin/../lib/gcc/nios2-elf/12.3.1/../../../../../H-x86_64-mingw32/nios2-elf/lib/mno-hw-mul\libc.a(libc_a-memset.o)
 .data          0x000927a8        0x0 c:/intelfpga_lite/23.1std/nios2eds/bin/gnu/h-x86_64-mingw32/bin/../lib/gcc/nios2-elf/12.3.1/../../../../../H-x86_64-mingw32/nios2-elf/lib/mno-hw-mul\libc.a(libc_a-locale.o)
 .data.__global_locale
                0x000927a8      0x16c c:/intelfpga_lite/23.1std/nios2eds/bin/gnu/h-x86_64-mingw32/bin/../lib/gcc/nios2-elf/12.3.1/../../../../../H-x86_64-mingw32/nios2-elf/lib/mno-hw-mul\libc.a(libc_a-locale.o)
                0x000927a8                __global_locale
 .data          0x00092914        0x0 c:/intelfpga_lite/23.1std/nios2eds/bin/gnu/h-x86_64-mingw32/bin/../lib/gcc/nios2-elf/12.3.1/../../../../../H-x86_64-mingw32/nios2-elf/lib/mno-hw-mul\libc.a(libc_a-localeconv.o)
 .data          0x00092914        0x0 c:/intelfpga_lite/23.1std/nios2eds/bin/gnu/h-x86_64-mingw32/bin/../lib/gcc/nios2-elf/12.3.1/../../../../../H-x86_64-mingw32/nios2-elf/lib/mno-hw-mul\libc.a(libc_a-closer.o)
 .data          0x00092914        0x0 c:/intelfpga_lite/23.1std/nios2eds/bin/gnu/h-x86_64-mingw32/bin/../lib/gcc/nios2-elf/12.3.1/../../../../../H-x86_64-mingw32/nios2-elf/lib/mno-hw-mul\libc.a(libc_a-reent.o)
 .data          0x00092914        0x0 c:/intelfpga_lite/23.1std/nios2eds/bin/gnu/h-x86_64-mingw32/bin/../lib/gcc/nios2-elf/12.3.1/../../../../../H-x86_64-mingw32/nios2-elf/lib/mno-hw-mul\libc.a(libc_a-lseekr.o)
 .data          0x00092914        0x0 c:/intelfpga_lite/23.1std/nios2eds/bin/gnu/h-x86_64-mingw32/bin/../lib/gcc/nios2-elf/12.3.1/../../../../../H-x86_64-mingw32/nios2-elf/lib/mno-hw-mul\libc.a(libc_a-readr.o)
 .data          0x00092914        0x0 c:/intelfpga_lite/23.1std/nios2eds/bin/gnu/h-x86_64-mingw32/bin/../lib/gcc/nios2-elf/12.3.1/../../../../../H-x86_64-mingw32/nios2-elf/lib/mno-hw-mul\libc.a(libc_a-writer.o)
 .data          0x00092914        0x0 c:/intelfpga_lite/23.1std/nios2eds/bin/gnu/h-x86_64-mingw32/bin/../lib/gcc/nios2-elf/12.3.1/../../../../../H-x86_64-mingw32/nios2-elf/lib/mno-hw-mul\libc.a(libc_a-dtoa.o)
 .data          0x00092914        0x0 c:/intelfpga_lite/23.1std/nios2eds/bin/gnu/h-x86_64-mingw32/bin/../lib/gcc/nios2-elf/12.3.1/../../../../../H-x86_64-mingw32/nios2-elf/lib/mno-hw-mul\libc.a(libc_a-exit.o)
 .data          0x00092914        0x0 c:/intelfpga_lite/23.1std/nios2eds/bin/gnu/h-x86_64-mingw32/bin/../lib/gcc/nios2-elf/12.3.1/../../../../../H-x86_64-mingw32/nios2-elf/lib/mno-hw-mul\libc.a(libc_a-freer.o)
 .data          0x00092914        0x0 c:/intelfpga_lite/23.1std/nios2eds/bin/gnu/h-x86_64-mingw32/bin/../lib/gcc/nios2-elf/12.3.1/../../../../../H-x86_64-mingw32/nios2-elf/lib/mno-hw-mul\libc.a(libc_a-mallocr.o)
 .data.__malloc_av_
                0x00092914      0x408 c:/intelfpga_lite/23.1std/nios2eds/bin/gnu/h-x86_64-mingw32/bin/../lib/gcc/nios2-elf/12.3.1/../../../../../H-x86_64-mingw32/nios2-elf/lib/mno-hw-mul\libc.a(libc_a-mallocr.o)
                0x00092914                __malloc_av_
 .data          0x00092d1c        0x0 c:/intelfpga_lite/23.1std/nios2eds/bin/gnu/h-x86_64-mingw32/bin/../lib/gcc/nios2-elf/12.3.1/../../../../../H-x86_64-mingw32/nios2-elf/lib/mno-hw-mul\libc.a(libc_a-mbtowc_r.o)
 .data          0x00092d1c        0x0 c:/intelfpga_lite/23.1std/nios2eds/bin/gnu/h-x86_64-mingw32/bin/../lib/gcc/nios2-elf/12.3.1/../../../../../H-x86_64-mingw32/nios2-elf/lib/mno-hw-mul\libc.a(libc_a-mprec.o)
 .data          0x00092d1c        0x0 c:/intelfpga_lite/23.1std/nios2eds/bin/gnu/h-x86_64-mingw32/bin/../lib/gcc/nios2-elf/12.3.1/../../../../../H-x86_64-mingw32/nios2-elf/lib/mno-hw-mul\libc.a(libc_a-reallocr.o)
 .data          0x00092d1c        0x0 c:/intelfpga_lite/23.1std/nios2eds/bin/gnu/h-x86_64-mingw32/bin/../lib/gcc/nios2-elf/12.3.1/../../../../../H-x86_64-mingw32/nios2-elf/lib/mno-hw-mul\libc.a(libc_a-wctomb_r.o)
 .data          0x00092d1c        0x0 c:/intelfpga_lite/23.1std/nios2eds/bin/gnu/h-x86_64-mingw32/bin/../lib/gcc/nios2-elf/12.3.1/../../../../../H-x86_64-mingw32/nios2-elf/lib/mno-hw-mul\libc.a(libc_a-wcrtomb.o)
 .data          0x00092d1c        0x0 c:/intelfpga_lite/23.1std/nios2eds/bin/gnu/h-x86_64-mingw32/bin/../lib/gcc/nios2-elf/12.3.1/../../../../../H-x86_64-mingw32/nios2-elf/lib/mno-hw-mul\libc.a(libc_a-ctype_.o)
 .data          0x00092d1c        0x0 c:/intelfpga_lite/23.1std/nios2eds/bin/gnu/h-x86_64-mingw32/bin/../lib/gcc/nios2-elf/12.3.1/../../../../../H-x86_64-mingw32/nios2-elf/lib/mno-hw-mul\libc.a(libc_a-fclose.o)
 .data          0x00092d1c        0x0 c:/intelfpga_lite/23.1std/nios2eds/bin/gnu/h-x86_64-mingw32/bin/../lib/gcc/nios2-elf/12.3.1/../../../../../H-x86_64-mingw32/nios2-elf/lib/mno-hw-mul\libc.a(libc_a-makebuf.o)
 .data          0x00092d1c        0x0 c:/intelfpga_lite/23.1std/nios2eds/bin/gnu/h-x86_64-mingw32/bin/../lib/gcc/nios2-elf/12.3.1/../../../../../H-x86_64-mingw32/nios2-elf/lib/mno-hw-mul\libc.a(libc_a-wbuf.o)
 .data          0x00092d1c        0x0 c:/intelfpga_lite/23.1std/nios2eds/bin/gnu/h-x86_64-mingw32/bin/../lib/gcc/nios2-elf/12.3.1/../../../../../H-x86_64-mingw32/nios2-elf/lib/mno-hw-mul\libc.a(libc_a-strcmp.o)
 .data          0x00092d1c        0x0 c:/intelfpga_lite/23.1std/nios2eds/bin/gnu/h-x86_64-mingw32/bin/../lib/gcc/nios2-elf/12.3.1/../../../../../H-x86_64-mingw32/nios2-elf/lib/mno-hw-mul\libc.a(libc_a-fstatr.o)
 .data          0x00092d1c        0x0 c:/intelfpga_lite/23.1std/nios2eds/bin/gnu/h-x86_64-mingw32/bin/../lib/gcc/nios2-elf/12.3.1/../../../../../H-x86_64-mingw32/nios2-elf/lib/mno-hw-mul\libc.a(libc_a-isattyr.o)
 .data          0x00092d1c        0x0 c:/intelfpga_lite/23.1std/nios2eds/bin/gnu/h-x86_64-mingw32/bin/../lib/gcc/nios2-elf/12.3.1/../../../../../H-x86_64-mingw32/nios2-elf/lib/mno-hw-mul\libc.a(libc_a-sbrkr.o)
 .data          0x00092d1c        0x0 c:/intelfpga_lite/23.1std/nios2eds/bin/gnu/h-x86_64-mingw32/bin/../lib/gcc/nios2-elf/12.3.1/../../../../../H-x86_64-mingw32/nios2-elf/lib/mno-hw-mul\libc.a(libc_a-__call_atexit.o)
 .data          0x00092d1c        0x0 c:/intelfpga_lite/23.1std/nios2eds/bin/gnu/h-x86_64-mingw32/bin/../lib/gcc/nios2-elf/12.3.1/../../../../../H-x86_64-mingw32/nios2-elf/lib/mno-hw-mul\libc.a(libc_a-assert.o)
 .data          0x00092d1c        0x0 c:/intelfpga_lite/23.1std/nios2eds/bin/gnu/h-x86_64-mingw32/bin/../lib/gcc/nios2-elf/12.3.1/../../../../../H-x86_64-mingw32/nios2-elf/lib/mno-hw-mul\libc.a(libc_a-callocr.o)
 .data          0x00092d1c        0x0 c:/intelfpga_lite/23.1std/nios2eds/bin/gnu/h-x86_64-mingw32/bin/../lib/gcc/nios2-elf/12.3.1/../../../../../H-x86_64-mingw32/nios2-elf/lib/mno-hw-mul\libc.a(libc_a-fiprintf.o)
 .data          0x00092d1c        0x0 c:/intelfpga_lite/23.1std/nios2eds/bin/gnu/h-x86_64-mingw32/bin/../lib/gcc/nios2-elf/12.3.1/../../../../../H-x86_64-mingw32/nios2-elf/lib/mno-hw-mul\libc.a(libc_a-vfiprintfr_1.o)
 .data          0x00092d1c        0x0 c:/intelfpga_lite/23.1std/nios2eds/bin/gnu/h-x86_64-mingw32/bin/../lib/gcc/nios2-elf/12.3.1/../../../../../H-x86_64-mingw32/nios2-elf/lib/mno-hw-mul\libc.a(libc_a-errno.o)
 .data          0x00092d1c        0x0 c:/intelfpga_lite/23.1std/nios2eds/bin/gnu/h-x86_64-mingw32/bin/../lib/gcc/nios2-elf/12.3.1/../../../../../H-x86_64-mingw32/nios2-elf/lib/mno-hw-mul\libc.a(libc_a-abort.o)
 .data          0x00092d1c        0x0 c:/intelfpga_lite/23.1std/nios2eds/bin/gnu/h-x86_64-mingw32/bin/../lib/gcc/nios2-elf/12.3.1/../../../../../H-x86_64-mingw32/nios2-elf/lib/mno-hw-mul\libc.a(libc_a-signal.o)
 .data          0x00092d1c        0x0 c:/intelfpga_lite/23.1std/nios2eds/bin/gnu/h-x86_64-mingw32/bin/../lib/gcc/nios2-elf/12.3.1/../../../../../H-x86_64-mingw32/nios2-elf/lib/mno-hw-mul\libc.a(libc_a-signalr.o)